Archive member included to satisfy reference by file (symbol)

/usr/lib/gcc/avr/10.2.0/../../../../avr/lib/avr5/libm.a(acos.o)
                              main.o (acos)
/usr/lib/gcc/avr/10.2.0/../../../../avr/lib/avr5/libm.a(addsf3.o)
                              main.o (__subsf3)
/usr/lib/gcc/avr/10.2.0/../../../../avr/lib/avr5/libm.a(addsf3x.o)
                              /usr/lib/gcc/avr/10.2.0/../../../../avr/lib/avr5/libm.a(acos.o) (__addsf3x)
/usr/lib/gcc/avr/10.2.0/../../../../avr/lib/avr5/libm.a(asin.o)
                              main.o (asin)
/usr/lib/gcc/avr/10.2.0/../../../../avr/lib/avr5/libm.a(atan.o)
                              main.o (atan)
/usr/lib/gcc/avr/10.2.0/../../../../avr/lib/avr5/libm.a(cmpsf2.o)
                              main.o (__eqsf2)
/usr/lib/gcc/avr/10.2.0/../../../../avr/lib/avr5/libm.a(cos.o)
                              main.o (cos)
/usr/lib/gcc/avr/10.2.0/../../../../avr/lib/avr5/libm.a(divsf3.o)
                              main.o (__divsf3)
/usr/lib/gcc/avr/10.2.0/../../../../avr/lib/avr5/libm.a(divsf3x.o)
                              /usr/lib/gcc/avr/10.2.0/../../../../avr/lib/avr5/libm.a(divsf3.o) (__divsf3x)
/usr/lib/gcc/avr/10.2.0/../../../../avr/lib/avr5/libm.a(floatsisf.o)
                              main.o (__floatsisf)
/usr/lib/gcc/avr/10.2.0/../../../../avr/lib/avr5/libm.a(fp_arccos.o)
                              /usr/lib/gcc/avr/10.2.0/../../../../avr/lib/avr5/libm.a(acos.o) (__fp_arccos)
/usr/lib/gcc/avr/10.2.0/../../../../avr/lib/avr5/libm.a(fp_cmp.o)
                              /usr/lib/gcc/avr/10.2.0/../../../../avr/lib/avr5/libm.a(cmpsf2.o) (__fp_cmp)
/usr/lib/gcc/avr/10.2.0/../../../../avr/lib/avr5/libm.a(fp_inf.o)
                              /usr/lib/gcc/avr/10.2.0/../../../../avr/lib/avr5/libm.a(addsf3x.o) (__fp_inf)
/usr/lib/gcc/avr/10.2.0/../../../../avr/lib/avr5/libm.a(fp_nan.o)
                              /usr/lib/gcc/avr/10.2.0/../../../../avr/lib/avr5/libm.a(addsf3x.o) (__fp_nan)
/usr/lib/gcc/avr/10.2.0/../../../../avr/lib/avr5/libm.a(fp_powser.o)
                              /usr/lib/gcc/avr/10.2.0/../../../../avr/lib/avr5/libm.a(atan.o) (__fp_powser)
/usr/lib/gcc/avr/10.2.0/../../../../avr/lib/avr5/libm.a(fp_powsodd.o)
                              /usr/lib/gcc/avr/10.2.0/../../../../avr/lib/avr5/libm.a(asin.o) (__fp_powsodd)
/usr/lib/gcc/avr/10.2.0/../../../../avr/lib/avr5/libm.a(fp_pscA.o)
                              /usr/lib/gcc/avr/10.2.0/../../../../avr/lib/avr5/libm.a(addsf3x.o) (__fp_pscA)
/usr/lib/gcc/avr/10.2.0/../../../../avr/lib/avr5/libm.a(fp_pscB.o)
                              /usr/lib/gcc/avr/10.2.0/../../../../avr/lib/avr5/libm.a(addsf3x.o) (__fp_pscB)
/usr/lib/gcc/avr/10.2.0/../../../../avr/lib/avr5/libm.a(fp_rempio2.o)
                              /usr/lib/gcc/avr/10.2.0/../../../../avr/lib/avr5/libm.a(cos.o) (__fp_rempio2)
/usr/lib/gcc/avr/10.2.0/../../../../avr/lib/avr5/libm.a(fp_round.o)
                              /usr/lib/gcc/avr/10.2.0/../../../../avr/lib/avr5/libm.a(acos.o) (__fp_round)
/usr/lib/gcc/avr/10.2.0/../../../../avr/lib/avr5/libm.a(fp_sinus.o)
                              /usr/lib/gcc/avr/10.2.0/../../../../avr/lib/avr5/libm.a(cos.o) (__fp_sinus)
/usr/lib/gcc/avr/10.2.0/../../../../avr/lib/avr5/libm.a(fp_split3.o)
                              /usr/lib/gcc/avr/10.2.0/../../../../avr/lib/avr5/libm.a(addsf3x.o) (__fp_split3)
/usr/lib/gcc/avr/10.2.0/../../../../avr/lib/avr5/libm.a(fp_zero.o)
                              /usr/lib/gcc/avr/10.2.0/../../../../avr/lib/avr5/libm.a(addsf3x.o) (__fp_zero)
/usr/lib/gcc/avr/10.2.0/../../../../avr/lib/avr5/libm.a(gesf2.o)
                              main.o (__gesf2)
/usr/lib/gcc/avr/10.2.0/../../../../avr/lib/avr5/libm.a(inverse.o)
                              /usr/lib/gcc/avr/10.2.0/../../../../avr/lib/avr5/libm.a(atan.o) (inverse)
/usr/lib/gcc/avr/10.2.0/../../../../avr/lib/avr5/libm.a(log.o)
                              main.o (log)
/usr/lib/gcc/avr/10.2.0/../../../../avr/lib/avr5/libm.a(mulsf3.o)
                              main.o (__mulsf3)
/usr/lib/gcc/avr/10.2.0/../../../../avr/lib/avr5/libm.a(mulsf3x.o)
                              /usr/lib/gcc/avr/10.2.0/../../../../avr/lib/avr5/libm.a(atan.o) (__mulsf3x)
/usr/lib/gcc/avr/10.2.0/../../../../avr/lib/avr5/libm.a(pow.o)
                              main.o (pow)
/usr/lib/gcc/avr/10.2.0/../../../../avr/lib/avr5/libm.a(sin.o)
                              main.o (sin)
/usr/lib/gcc/avr/10.2.0/../../../../avr/lib/avr5/libm.a(sqrt.o)
                              /usr/lib/gcc/avr/10.2.0/../../../../avr/lib/avr5/libm.a(fp_arccos.o) (sqrt)
/usr/lib/gcc/avr/10.2.0/../../../../avr/lib/avr5/libm.a(square.o)
                              /usr/lib/gcc/avr/10.2.0/../../../../avr/lib/avr5/libm.a(atan.o) (square)
/usr/lib/gcc/avr/10.2.0/../../../../avr/lib/avr5/libm.a(tan.o)
                              main.o (tan)
/usr/lib/gcc/avr/10.2.0/../../../../avr/lib/avr5/libm.a(exp.o)
                              /usr/lib/gcc/avr/10.2.0/../../../../avr/lib/avr5/libm.a(pow.o) (exp)
/usr/lib/gcc/avr/10.2.0/../../../../avr/lib/avr5/libm.a(fp_mpack.o)
                              /usr/lib/gcc/avr/10.2.0/../../../../avr/lib/avr5/libm.a(log.o) (__fp_mpack)
/usr/lib/gcc/avr/10.2.0/../../../../avr/lib/avr5/libm.a(fp_norm2.o)
                              /usr/lib/gcc/avr/10.2.0/../../../../avr/lib/avr5/libm.a(sqrt.o) (__fp_norm2)
/usr/lib/gcc/avr/10.2.0/../../../../avr/lib/avr5/libm.a(ldexp.o)
                              /usr/lib/gcc/avr/10.2.0/../../../../avr/lib/avr5/libm.a(exp.o) (ldexp)
/usr/lib/gcc/avr/10.2.0/../../../../avr/lib/avr5/libm.a(modf.o)
                              /usr/lib/gcc/avr/10.2.0/../../../../avr/lib/avr5/libm.a(exp.o) (modf)
/usr/lib/gcc/avr/10.2.0/avr5/libgcc.a(_exit.o)
                              /usr/lib/gcc/avr/10.2.0/../../../../avr/lib/avr5/crtatmega168.o (exit)
/usr/lib/gcc/avr/10.2.0/avr5/libgcc.a(_tablejump2.o)
                              main.o (__tablejump2__)
/usr/lib/gcc/avr/10.2.0/avr5/libgcc.a(_copy_data.o)
                              main.o (__do_copy_data)
/usr/lib/gcc/avr/10.2.0/avr5/libgcc.a(_clear_bss.o)
                              main.o (__do_clear_bss)
/usr/lib/gcc/avr/10.2.0/../../../../avr/lib/avr5/libc.a(dtostrf.o)
                              main.o (dtostrf)
/usr/lib/gcc/avr/10.2.0/../../../../avr/lib/avr5/libc.a(atof.o)
                              main.o (atof)
/usr/lib/gcc/avr/10.2.0/../../../../avr/lib/avr5/libc.a(isalpha.o)
                              main.o (islower)
/usr/lib/gcc/avr/10.2.0/../../../../avr/lib/avr5/libc.a(memcpy_P.o)
                              main.o (memcpy_P)
/usr/lib/gcc/avr/10.2.0/../../../../avr/lib/avr5/libc.a(dtoa_prf.o)
                              /usr/lib/gcc/avr/10.2.0/../../../../avr/lib/avr5/libc.a(dtostrf.o) (dtoa_prf)
/usr/lib/gcc/avr/10.2.0/../../../../avr/lib/avr5/libc.a(strtod.o)
                              /usr/lib/gcc/avr/10.2.0/../../../../avr/lib/avr5/libc.a(atof.o) (strtod)
/usr/lib/gcc/avr/10.2.0/../../../../avr/lib/avr5/libc.a(ftoa_engine.o)
                              /usr/lib/gcc/avr/10.2.0/../../../../avr/lib/avr5/libc.a(dtoa_prf.o) (__ftoa_engine)
/usr/lib/gcc/avr/10.2.0/../../../../avr/lib/avr5/libc.a(cty_isfalse.o)
                              /usr/lib/gcc/avr/10.2.0/../../../../avr/lib/avr5/libc.a(isalpha.o) (__ctype_isfalse)
/usr/lib/gcc/avr/10.2.0/../../../../avr/lib/avr5/libc.a(isspace.o)
                              /usr/lib/gcc/avr/10.2.0/../../../../avr/lib/avr5/libc.a(strtod.o) (isspace)
/usr/lib/gcc/avr/10.2.0/../../../../avr/lib/avr5/libc.a(strncasecmp_P.o)
                              /usr/lib/gcc/avr/10.2.0/../../../../avr/lib/avr5/libc.a(strtod.o) (strncasecmp_P)
/usr/lib/gcc/avr/10.2.0/../../../../avr/lib/avr5/libc.a(memset.o)
                              /usr/lib/gcc/avr/10.2.0/../../../../avr/lib/avr5/libc.a(dtoa_prf.o) (memset)
/usr/lib/gcc/avr/10.2.0/../../../../avr/lib/avr5/libc.a(errno.o)
                              /usr/lib/gcc/avr/10.2.0/../../../../avr/lib/avr5/libc.a(strtod.o) (errno)
/usr/lib/gcc/avr/10.2.0/avr5/libgcc.a(_muluhisi3.o)
                              /usr/lib/gcc/avr/10.2.0/../../../../avr/lib/avr5/libc.a(strtod.o) (__muluhisi3)
/usr/lib/gcc/avr/10.2.0/avr5/libgcc.a(_prologue.o)
                              /usr/lib/gcc/avr/10.2.0/../../../../avr/lib/avr5/libc.a(dtoa_prf.o) (__prologue_saves__)
/usr/lib/gcc/avr/10.2.0/avr5/libgcc.a(_epilogue.o)
                              /usr/lib/gcc/avr/10.2.0/../../../../avr/lib/avr5/libc.a(dtoa_prf.o) (__epilogue_restores__)
/usr/lib/gcc/avr/10.2.0/avr5/libgcc.a(_umulhisi3.o)
                              /usr/lib/gcc/avr/10.2.0/avr5/libgcc.a(_muluhisi3.o) (__umulhisi3)

Memory Configuration

Name             Origin             Length             Attributes
text             0x0000000000000000 0x0000000000020000 xr
data             0x0000000000800060 0x000000000000ffa0 rw !x
eeprom           0x0000000000810000 0x0000000000010000 rw !x
fuse             0x0000000000820000 0x0000000000000400 rw !x
lock             0x0000000000830000 0x0000000000000400 rw !x
signature        0x0000000000840000 0x0000000000000400 rw !x
user_signatures  0x0000000000850000 0x0000000000000400 rw !x
*default*        0x0000000000000000 0xffffffffffffffff

Linker script and memory map

Address of section .data set to 0x800100
LOAD /usr/lib/gcc/avr/10.2.0/../../../../avr/lib/avr5/crtatmega168.o
LOAD main.o
LOAD /usr/lib/gcc/avr/10.2.0/../../../../avr/lib/avr5/libm.a
START GROUP
LOAD /usr/lib/gcc/avr/10.2.0/avr5/libgcc.a
LOAD /usr/lib/gcc/avr/10.2.0/../../../../avr/lib/avr5/libm.a
LOAD /usr/lib/gcc/avr/10.2.0/../../../../avr/lib/avr5/libc.a
LOAD /usr/lib/gcc/avr/10.2.0/../../../../avr/lib/avr5/libatmega168.a
END GROUP
                0x0000000000020000                __TEXT_REGION_LENGTH__ = DEFINED (__TEXT_REGION_LENGTH__)?__TEXT_REGION_LENGTH__:0x20000
                0x000000000000ffa0                __DATA_REGION_LENGTH__ = DEFINED (__DATA_REGION_LENGTH__)?__DATA_REGION_LENGTH__:0xffa0
                0x0000000000010000                __EEPROM_REGION_LENGTH__ = DEFINED (__EEPROM_REGION_LENGTH__)?__EEPROM_REGION_LENGTH__:0x10000
                0x0000000000000400                __FUSE_REGION_LENGTH__ = DEFINED (__FUSE_REGION_LENGTH__)?__FUSE_REGION_LENGTH__:0x400
                0x0000000000000400                __LOCK_REGION_LENGTH__ = DEFINED (__LOCK_REGION_LENGTH__)?__LOCK_REGION_LENGTH__:0x400
                0x0000000000000400                __SIGNATURE_REGION_LENGTH__ = DEFINED (__SIGNATURE_REGION_LENGTH__)?__SIGNATURE_REGION_LENGTH__:0x400
                0x0000000000000400                __USER_SIGNATURE_REGION_LENGTH__ = DEFINED (__USER_SIGNATURE_REGION_LENGTH__)?__USER_SIGNATURE_REGION_LENGTH__:0x400

.hash
 *(.hash)

.dynsym
 *(.dynsym)

.dynstr
 *(.dynstr)

.gnu.version
 *(.gnu.version)

.gnu.version_d
 *(.gnu.version_d)

.gnu.version_r
 *(.gnu.version_r)

.rel.init
 *(.rel.init)

.rela.init
 *(.rela.init)

.rel.text
 *(.rel.text)
 *(.rel.text.*)
 *(.rel.gnu.linkonce.t*)

.rela.text
 *(.rela.text)
 *(.rela.text.*)
 *(.rela.gnu.linkonce.t*)

.rel.fini
 *(.rel.fini)

.rela.fini
 *(.rela.fini)

.rel.rodata
 *(.rel.rodata)
 *(.rel.rodata.*)
 *(.rel.gnu.linkonce.r*)

.rela.rodata
 *(.rela.rodata)
 *(.rela.rodata.*)
 *(.rela.gnu.linkonce.r*)

.rel.data
 *(.rel.data)
 *(.rel.data.*)
 *(.rel.gnu.linkonce.d*)

.rela.data
 *(.rela.data)
 *(.rela.data.*)
 *(.rela.gnu.linkonce.d*)

.rel.ctors
 *(.rel.ctors)

.rela.ctors
 *(.rela.ctors)

.rel.dtors
 *(.rel.dtors)

.rela.dtors
 *(.rela.dtors)

.rel.got
 *(.rel.got)

.rela.got
 *(.rela.got)

.rel.bss
 *(.rel.bss)

.rela.bss
 *(.rela.bss)

.rel.plt
 *(.rel.plt)

.rela.plt
 *(.rela.plt)

.text           0x0000000000000000     0x2db2
 *(.vectors)
 .vectors       0x0000000000000000       0x68 /usr/lib/gcc/avr/10.2.0/../../../../avr/lib/avr5/crtatmega168.o
                0x0000000000000000                __vectors
                0x0000000000000000                __vector_default
 *(.vectors)
 *(.progmem.gcc*)
 .progmem.gcc_fplib
                0x0000000000000068       0x14 /usr/lib/gcc/avr/10.2.0/../../../../avr/lib/avr5/libm.a(asin.o)
 .progmem.gcc_fplib
                0x000000000000007c       0x2d /usr/lib/gcc/avr/10.2.0/../../../../avr/lib/avr5/libm.a(atan.o)
 .progmem.gcc_fplib
                0x00000000000000a9       0x28 /usr/lib/gcc/avr/10.2.0/../../../../avr/lib/avr5/libm.a(fp_arccos.o)
 .progmem.gcc_fplib
                0x00000000000000d1       0x1e /usr/lib/gcc/avr/10.2.0/../../../../avr/lib/avr5/libm.a(fp_sinus.o)
 .progmem.gcc_fplib
                0x00000000000000ef       0x5a /usr/lib/gcc/avr/10.2.0/../../../../avr/lib/avr5/libm.a(log.o)
 .progmem.gcc_fplib
                0x0000000000000149       0x23 /usr/lib/gcc/avr/10.2.0/../../../../avr/lib/avr5/libm.a(tan.o)
 .progmem.gcc_fplib
                0x000000000000016c       0x28 /usr/lib/gcc/avr/10.2.0/../../../../avr/lib/avr5/libm.a(exp.o)
                0x0000000000000194                . = ALIGN (0x2)
                0x0000000000000194                __trampolines_start = .
 *(.trampolines)
 .trampolines   0x0000000000000194        0x0 linker stubs
 *(.trampolines*)
                0x0000000000000194                __trampolines_end = .
 *libprintf_flt.a:*(.progmem.data)
 *libc.a:*(.progmem.data)
 .progmem.data  0x0000000000000194       0x3b /usr/lib/gcc/avr/10.2.0/../../../../avr/lib/avr5/libc.a(strtod.o)
 .progmem.data  0x00000000000001cf       0xfa /usr/lib/gcc/avr/10.2.0/../../../../avr/lib/avr5/libc.a(ftoa_engine.o)
 *(.progmem.*)
 .progmem.data  0x00000000000002c9       0x9e main.o
                0x0000000000000368                . = ALIGN (0x2)
 *fill*         0x0000000000000367        0x1 
 *(.lowtext)
 *(.lowtext*)
                0x0000000000000368                __ctors_start = .
 *(.ctors)
                0x0000000000000368                __ctors_end = .
                0x0000000000000368                __dtors_start = .
 *(.dtors)
                0x0000000000000368                __dtors_end = .
 SORT_BY_NAME(*)(.ctors)
 SORT_BY_NAME(*)(.dtors)
 *(.init0)
 .init0         0x0000000000000368        0x0 /usr/lib/gcc/avr/10.2.0/../../../../avr/lib/avr5/crtatmega168.o
                0x0000000000000368                __init
 *(.init0)
 *(.init1)
 *(.init1)
 *(.init2)
 .init2         0x0000000000000368        0xc /usr/lib/gcc/avr/10.2.0/../../../../avr/lib/avr5/crtatmega168.o
 *(.init2)
 *(.init3)
 *(.init3)
 *(.init4)
 .init4         0x0000000000000374       0x16 /usr/lib/gcc/avr/10.2.0/avr5/libgcc.a(_copy_data.o)
                0x0000000000000374                __do_copy_data
 .init4         0x000000000000038a       0x10 /usr/lib/gcc/avr/10.2.0/avr5/libgcc.a(_clear_bss.o)
                0x000000000000038a                __do_clear_bss
 *(.init4)
 *(.init5)
 *(.init5)
 *(.init6)
 *(.init6)
 *(.init7)
 *(.init7)
 *(.init8)
 *(.init8)
 *(.init9)
 .init9         0x000000000000039a        0x8 /usr/lib/gcc/avr/10.2.0/../../../../avr/lib/avr5/crtatmega168.o
 *(.init9)
 *(.text)
 .text          0x00000000000003a2        0x4 /usr/lib/gcc/avr/10.2.0/../../../../avr/lib/avr5/crtatmega168.o
                0x00000000000003a2                __vector_22
                0x00000000000003a2                __vector_1
                0x00000000000003a2                __vector_24
                0x00000000000003a2                __vector_12
                0x00000000000003a2                __bad_interrupt
                0x00000000000003a2                __vector_6
                0x00000000000003a2                __vector_3
                0x00000000000003a2                __vector_23
                0x00000000000003a2                __vector_25
                0x00000000000003a2                __vector_11
                0x00000000000003a2                __vector_13
                0x00000000000003a2                __vector_17
                0x00000000000003a2                __vector_19
                0x00000000000003a2                __vector_5
                0x00000000000003a2                __vector_4
                0x00000000000003a2                __vector_9
                0x00000000000003a2                __vector_2
                0x00000000000003a2                __vector_21
                0x00000000000003a2                __vector_15
                0x00000000000003a2                __vector_8
                0x00000000000003a2                __vector_14
                0x00000000000003a2                __vector_10
                0x00000000000003a2                __vector_16
                0x00000000000003a2                __vector_18
                0x00000000000003a2                __vector_20
 .text          0x00000000000003a6     0x1558 main.o
                0x00000000000017a0                __vector_7
 .text          0x00000000000018fe        0x0 /usr/lib/gcc/avr/10.2.0/../../../../avr/lib/avr5/libm.a(acos.o)
 .text          0x00000000000018fe        0x0 /usr/lib/gcc/avr/10.2.0/../../../../avr/lib/avr5/libm.a(addsf3.o)
 .text          0x00000000000018fe        0x0 /usr/lib/gcc/avr/10.2.0/../../../../avr/lib/avr5/libm.a(addsf3x.o)
 .text          0x00000000000018fe        0x0 /usr/lib/gcc/avr/10.2.0/../../../../avr/lib/avr5/libm.a(asin.o)
 .text          0x00000000000018fe        0x0 /usr/lib/gcc/avr/10.2.0/../../../../avr/lib/avr5/libm.a(atan.o)
 .text          0x00000000000018fe        0x0 /usr/lib/gcc/avr/10.2.0/../../../../avr/lib/avr5/libm.a(cmpsf2.o)
 .text          0x00000000000018fe        0x0 /usr/lib/gcc/avr/10.2.0/../../../../avr/lib/avr5/libm.a(cos.o)
 .text          0x00000000000018fe        0x0 /usr/lib/gcc/avr/10.2.0/../../../../avr/lib/avr5/libm.a(divsf3.o)
 .text          0x00000000000018fe        0x0 /usr/lib/gcc/avr/10.2.0/../../../../avr/lib/avr5/libm.a(divsf3x.o)
 .text          0x00000000000018fe        0x0 /usr/lib/gcc/avr/10.2.0/../../../../avr/lib/avr5/libm.a(floatsisf.o)
 .text          0x00000000000018fe        0x0 /usr/lib/gcc/avr/10.2.0/../../../../avr/lib/avr5/libm.a(fp_arccos.o)
 .text          0x00000000000018fe        0x0 /usr/lib/gcc/avr/10.2.0/../../../../avr/lib/avr5/libm.a(fp_cmp.o)
 .text          0x00000000000018fe        0x0 /usr/lib/gcc/avr/10.2.0/../../../../avr/lib/avr5/libm.a(fp_inf.o)
 .text          0x00000000000018fe        0x0 /usr/lib/gcc/avr/10.2.0/../../../../avr/lib/avr5/libm.a(fp_nan.o)
 .text          0x00000000000018fe        0x0 /usr/lib/gcc/avr/10.2.0/../../../../avr/lib/avr5/libm.a(fp_powser.o)
 .text          0x00000000000018fe        0x0 /usr/lib/gcc/avr/10.2.0/../../../../avr/lib/avr5/libm.a(fp_powsodd.o)
 .text          0x00000000000018fe        0x0 /usr/lib/gcc/avr/10.2.0/../../../../avr/lib/avr5/libm.a(fp_pscA.o)
 .text          0x00000000000018fe        0x0 /usr/lib/gcc/avr/10.2.0/../../../../avr/lib/avr5/libm.a(fp_pscB.o)
 .text          0x00000000000018fe        0x0 /usr/lib/gcc/avr/10.2.0/../../../../avr/lib/avr5/libm.a(fp_rempio2.o)
 .text          0x00000000000018fe        0x0 /usr/lib/gcc/avr/10.2.0/../../../../avr/lib/avr5/libm.a(fp_round.o)
 .text          0x00000000000018fe        0x0 /usr/lib/gcc/avr/10.2.0/../../../../avr/lib/avr5/libm.a(fp_sinus.o)
 .text          0x00000000000018fe        0x0 /usr/lib/gcc/avr/10.2.0/../../../../avr/lib/avr5/libm.a(fp_split3.o)
 .text          0x00000000000018fe        0x0 /usr/lib/gcc/avr/10.2.0/../../../../avr/lib/avr5/libm.a(fp_zero.o)
 .text          0x00000000000018fe        0x0 /usr/lib/gcc/avr/10.2.0/../../../../avr/lib/avr5/libm.a(gesf2.o)
 .text          0x00000000000018fe        0x0 /usr/lib/gcc/avr/10.2.0/../../../../avr/lib/avr5/libm.a(inverse.o)
 .text          0x00000000000018fe        0x0 /usr/lib/gcc/avr/10.2.0/../../../../avr/lib/avr5/libm.a(log.o)
 .text          0x00000000000018fe        0x0 /usr/lib/gcc/avr/10.2.0/../../../../avr/lib/avr5/libm.a(mulsf3.o)
 .text          0x00000000000018fe        0x0 /usr/lib/gcc/avr/10.2.0/../../../../avr/lib/avr5/libm.a(mulsf3x.o)
 .text          0x00000000000018fe        0x0 /usr/lib/gcc/avr/10.2.0/../../../../avr/lib/avr5/libm.a(pow.o)
 .text          0x00000000000018fe        0x0 /usr/lib/gcc/avr/10.2.0/../../../../avr/lib/avr5/libm.a(sin.o)
 .text          0x00000000000018fe        0x0 /usr/lib/gcc/avr/10.2.0/../../../../avr/lib/avr5/libm.a(sqrt.o)
 .text          0x00000000000018fe        0x0 /usr/lib/gcc/avr/10.2.0/../../../../avr/lib/avr5/libm.a(square.o)
 .text          0x00000000000018fe        0x0 /usr/lib/gcc/avr/10.2.0/../../../../avr/lib/avr5/libm.a(tan.o)
 .text          0x00000000000018fe        0x0 /usr/lib/gcc/avr/10.2.0/../../../../avr/lib/avr5/libm.a(exp.o)
 .text          0x00000000000018fe        0x0 /usr/lib/gcc/avr/10.2.0/../../../../avr/lib/avr5/libm.a(fp_mpack.o)
 .text          0x00000000000018fe        0x0 /usr/lib/gcc/avr/10.2.0/../../../../avr/lib/avr5/libm.a(fp_norm2.o)
 .text          0x00000000000018fe        0x0 /usr/lib/gcc/avr/10.2.0/../../../../avr/lib/avr5/libm.a(ldexp.o)
 .text          0x00000000000018fe        0x0 /usr/lib/gcc/avr/10.2.0/../../../../avr/lib/avr5/libm.a(modf.o)
 .text          0x00000000000018fe        0x0 /usr/lib/gcc/avr/10.2.0/avr5/libgcc.a(_exit.o)
 .text          0x00000000000018fe        0x0 /usr/lib/gcc/avr/10.2.0/avr5/libgcc.a(_tablejump2.o)
 .text          0x00000000000018fe        0x0 /usr/lib/gcc/avr/10.2.0/avr5/libgcc.a(_copy_data.o)
 .text          0x00000000000018fe        0x0 /usr/lib/gcc/avr/10.2.0/avr5/libgcc.a(_clear_bss.o)
 .text          0x00000000000018fe        0x0 /usr/lib/gcc/avr/10.2.0/../../../../avr/lib/avr5/libc.a(dtostrf.o)
 .text          0x00000000000018fe        0x0 /usr/lib/gcc/avr/10.2.0/../../../../avr/lib/avr5/libc.a(atof.o)
 .text          0x00000000000018fe        0x0 /usr/lib/gcc/avr/10.2.0/../../../../avr/lib/avr5/libc.a(isalpha.o)
 .text          0x00000000000018fe        0x0 /usr/lib/gcc/avr/10.2.0/../../../../avr/lib/avr5/libc.a(memcpy_P.o)
 .text          0x00000000000018fe        0x0 /usr/lib/gcc/avr/10.2.0/../../../../avr/lib/avr5/libc.a(dtoa_prf.o)
 .text          0x00000000000018fe        0x0 /usr/lib/gcc/avr/10.2.0/../../../../avr/lib/avr5/libc.a(strtod.o)
 .text          0x00000000000018fe        0x0 /usr/lib/gcc/avr/10.2.0/../../../../avr/lib/avr5/libc.a(ftoa_engine.o)
 .text          0x00000000000018fe        0x0 /usr/lib/gcc/avr/10.2.0/../../../../avr/lib/avr5/libc.a(cty_isfalse.o)
 .text          0x00000000000018fe        0x0 /usr/lib/gcc/avr/10.2.0/../../../../avr/lib/avr5/libc.a(isspace.o)
 .text          0x00000000000018fe        0x0 /usr/lib/gcc/avr/10.2.0/../../../../avr/lib/avr5/libc.a(strncasecmp_P.o)
 .text          0x00000000000018fe        0x0 /usr/lib/gcc/avr/10.2.0/../../../../avr/lib/avr5/libc.a(memset.o)
 .text          0x00000000000018fe        0x0 /usr/lib/gcc/avr/10.2.0/../../../../avr/lib/avr5/libc.a(errno.o)
 .text          0x00000000000018fe        0x0 /usr/lib/gcc/avr/10.2.0/avr5/libgcc.a(_muluhisi3.o)
 .text          0x00000000000018fe        0x0 /usr/lib/gcc/avr/10.2.0/avr5/libgcc.a(_prologue.o)
 .text          0x00000000000018fe        0x0 /usr/lib/gcc/avr/10.2.0/avr5/libgcc.a(_epilogue.o)
 .text          0x00000000000018fe        0x0 /usr/lib/gcc/avr/10.2.0/avr5/libgcc.a(_umulhisi3.o)
                0x00000000000018fe                . = ALIGN (0x2)
 *(.text.*)
 .text.startup  0x00000000000018fe      0x11e main.o
                0x00000000000018fe                main
 .text.avr-libc.fplib
                0x0000000000001a1c       0x22 /usr/lib/gcc/avr/10.2.0/../../../../avr/lib/avr5/libm.a(acos.o)
                0x0000000000001a1c                acos
 .text.avr-libc.fplib
                0x0000000000001a3e        0xe /usr/lib/gcc/avr/10.2.0/../../../../avr/lib/avr5/libm.a(addsf3.o)
                0x0000000000001a3e                __subsf3
                0x0000000000001a40                __addsf3
 .text.avr-libc.fplib
                0x0000000000001a4c       0xcc /usr/lib/gcc/avr/10.2.0/../../../../avr/lib/avr5/libm.a(addsf3x.o)
                0x0000000000001a6e                __addsf3x
 .text.avr-libc.fplib
                0x0000000000001b18       0x36 /usr/lib/gcc/avr/10.2.0/../../../../avr/lib/avr5/libm.a(asin.o)
                0x0000000000001b18                asin
 .text.avr-libc.fplib
                0x0000000000001b4e       0x5e /usr/lib/gcc/avr/10.2.0/../../../../avr/lib/avr5/libm.a(atan.o)
                0x0000000000001b4e                atan
 .text.avr-libc.fplib
                0x0000000000001bac        0xa /usr/lib/gcc/avr/10.2.0/../../../../avr/lib/avr5/libm.a(cmpsf2.o)
                0x0000000000001bac                __lesf2
                0x0000000000001bac                __nesf2
                0x0000000000001bac                __eqsf2
                0x0000000000001bac                __cmpsf2
                0x0000000000001bac                __ltsf2
 .text.avr-libc.fplib
                0x0000000000001bb6        0xa /usr/lib/gcc/avr/10.2.0/../../../../avr/lib/avr5/libm.a(cos.o)
                0x0000000000001bb6                cos
 .text.avr-libc.fplib
                0x0000000000001bc0        0x8 /usr/lib/gcc/avr/10.2.0/../../../../avr/lib/avr5/libm.a(divsf3.o)
                0x0000000000001bc0                __divsf3
 .text.avr-libc.fplib
                0x0000000000001bc8       0xdc /usr/lib/gcc/avr/10.2.0/../../../../avr/lib/avr5/libm.a(divsf3x.o)
                0x0000000000001be8                __divsf3x
                0x0000000000001bee                __divsf3_pse
 .text.avr-libc.fplib
                0x0000000000001ca4       0x7a /usr/lib/gcc/avr/10.2.0/../../../../avr/lib/avr5/libm.a(floatsisf.o)
                0x0000000000001ca4                __floatunsisf
                0x0000000000001ca8                __floatsisf
 .text.avr-libc.fplib
                0x0000000000001d1e       0x40 /usr/lib/gcc/avr/10.2.0/../../../../avr/lib/avr5/libm.a(fp_arccos.o)
                0x0000000000001d1e                __fp_arccos
 .text.avr-libc.fplib
                0x0000000000001d5e       0x48 /usr/lib/gcc/avr/10.2.0/../../../../avr/lib/avr5/libm.a(fp_cmp.o)
                0x0000000000001d5e                __fp_cmp
 .text.avr-libc.fplib
                0x0000000000001da6        0xc /usr/lib/gcc/avr/10.2.0/../../../../avr/lib/avr5/libm.a(fp_inf.o)
                0x0000000000001da6                __fp_inf
 .text.avr-libc.fplib
                0x0000000000001db2        0x6 /usr/lib/gcc/avr/10.2.0/../../../../avr/lib/avr5/libm.a(fp_nan.o)
                0x0000000000001db2                __fp_nan
 .text.avr-libc.fplib
                0x0000000000001db8       0x4e /usr/lib/gcc/avr/10.2.0/../../../../avr/lib/avr5/libm.a(fp_powser.o)
                0x0000000000001db8                __fp_powser
 .text.avr-libc.fplib
                0x0000000000001e06       0x28 /usr/lib/gcc/avr/10.2.0/../../../../avr/lib/avr5/libm.a(fp_powsodd.o)
                0x0000000000001e06                __fp_powsodd
 .text.avr-libc.fplib
                0x0000000000001e2e        0xe /usr/lib/gcc/avr/10.2.0/../../../../avr/lib/avr5/libm.a(fp_pscA.o)
                0x0000000000001e2e                __fp_pscA
 .text.avr-libc.fplib
                0x0000000000001e3c        0xe /usr/lib/gcc/avr/10.2.0/../../../../avr/lib/avr5/libm.a(fp_pscB.o)
                0x0000000000001e3c                __fp_pscB
 .text.avr-libc.fplib
                0x0000000000001e4a       0x56 /usr/lib/gcc/avr/10.2.0/../../../../avr/lib/avr5/libm.a(fp_rempio2.o)
                0x0000000000001e4e                __fp_rempio2
 .text.avr-libc.fplib
                0x0000000000001ea0       0x22 /usr/lib/gcc/avr/10.2.0/../../../../avr/lib/avr5/libm.a(fp_round.o)
                0x0000000000001ea0                __fp_round
 .text.avr-libc.fplib
                0x0000000000001ec2       0x28 /usr/lib/gcc/avr/10.2.0/../../../../avr/lib/avr5/libm.a(fp_sinus.o)
                0x0000000000001ec2                __fp_sinus
 .text.avr-libc.fplib
                0x0000000000001eea       0x44 /usr/lib/gcc/avr/10.2.0/../../../../avr/lib/avr5/libm.a(fp_split3.o)
                0x0000000000001eea                __fp_split3
                0x0000000000001efa                __fp_splitA
 .text.avr-libc.fplib
                0x0000000000001f2e        0xe /usr/lib/gcc/avr/10.2.0/../../../../avr/lib/avr5/libm.a(fp_zero.o)
                0x0000000000001f2e                __fp_zero
                0x0000000000001f30                __fp_szero
 .text.avr-libc.fplib
                0x0000000000001f3c        0xa /usr/lib/gcc/avr/10.2.0/../../../../avr/lib/avr5/libm.a(gesf2.o)
                0x0000000000001f3c                __gtsf2
                0x0000000000001f3c                __gesf2
 .text.avr-libc.fplib
                0x0000000000001f46       0x10 /usr/lib/gcc/avr/10.2.0/../../../../avr/lib/avr5/libm.a(inverse.o)
                0x0000000000001f46                inverse
 .text.avr-libc.fplib
                0x0000000000001f56       0xa0 /usr/lib/gcc/avr/10.2.0/../../../../avr/lib/avr5/libm.a(log.o)
                0x0000000000001f66                log
 .text.avr-libc.fplib
                0x0000000000001ff6        0x8 /usr/lib/gcc/avr/10.2.0/../../../../avr/lib/avr5/libm.a(mulsf3.o)
                0x0000000000001ff6                __mulsf3
 .text.avr-libc.fplib
                0x0000000000001ffe       0xd2 /usr/lib/gcc/avr/10.2.0/../../../../avr/lib/avr5/libm.a(mulsf3x.o)
                0x000000000000201c                __mulsf3x
                0x0000000000002022                __mulsf3_pse
 .text.avr-libc.fplib
                0x00000000000020d0       0xa0 /usr/lib/gcc/avr/10.2.0/../../../../avr/lib/avr5/libm.a(pow.o)
                0x00000000000020d0                pow
 .text.avr-libc.fplib
                0x0000000000002170       0x10 /usr/lib/gcc/avr/10.2.0/../../../../avr/lib/avr5/libm.a(sin.o)
                0x0000000000002170                sin
 .text.avr-libc.fplib
                0x0000000000002180       0x8c /usr/lib/gcc/avr/10.2.0/../../../../avr/lib/avr5/libm.a(sqrt.o)
                0x000000000000218c                sqrt
                0x000000000000218c                sqrtf
 .text.avr-libc.fplib
                0x000000000000220c        0x8 /usr/lib/gcc/avr/10.2.0/../../../../avr/lib/avr5/libm.a(square.o)
                0x000000000000220c                square
 .text.avr-libc.fplib
                0x0000000000002214       0x4a /usr/lib/gcc/avr/10.2.0/../../../../avr/lib/avr5/libm.a(tan.o)
                0x0000000000002214                tan
 .text.avr-libc.fplib
                0x000000000000225e       0x74 /usr/lib/gcc/avr/10.2.0/../../../../avr/lib/avr5/libm.a(exp.o)
                0x000000000000226e                exp
 .text.avr-libc.fplib
                0x00000000000022d2       0x1c /usr/lib/gcc/avr/10.2.0/../../../../avr/lib/avr5/libm.a(fp_mpack.o)
                0x00000000000022d2                __fp_mpack
                0x00000000000022d6                __fp_mpack_finite
 .text.avr-libc.fplib
                0x00000000000022ee        0xe /usr/lib/gcc/avr/10.2.0/../../../../avr/lib/avr5/libm.a(fp_norm2.o)
                0x00000000000022ee                __fp_norm2
 .text.avr-libc.fplib
                0x00000000000022fc       0x74 /usr/lib/gcc/avr/10.2.0/../../../../avr/lib/avr5/libm.a(ldexp.o)
                0x0000000000002304                ldexp
 .text.avr-libc.fplib
                0x0000000000002370       0x68 /usr/lib/gcc/avr/10.2.0/../../../../avr/lib/avr5/libm.a(modf.o)
                0x0000000000002370                modff
                0x0000000000002370                modf
 .text.libgcc.mul
                0x00000000000023d8        0x0 /usr/lib/gcc/avr/10.2.0/avr5/libgcc.a(_exit.o)
 .text.libgcc.div
                0x00000000000023d8        0x0 /usr/lib/gcc/avr/10.2.0/avr5/libgcc.a(_exit.o)
 .text.libgcc   0x00000000000023d8        0x0 /usr/lib/gcc/avr/10.2.0/avr5/libgcc.a(_exit.o)
 .text.libgcc.prologue
                0x00000000000023d8        0x0 /usr/lib/gcc/avr/10.2.0/avr5/libgcc.a(_exit.o)
 .text.libgcc.builtins
                0x00000000000023d8        0x0 /usr/lib/gcc/avr/10.2.0/avr5/libgcc.a(_exit.o)
 .text.libgcc.fmul
                0x00000000000023d8        0x0 /usr/lib/gcc/avr/10.2.0/avr5/libgcc.a(_exit.o)
 .text.libgcc.fixed
                0x00000000000023d8        0x0 /usr/lib/gcc/avr/10.2.0/avr5/libgcc.a(_exit.o)
 .text.libgcc.mul
                0x00000000000023d8        0x0 /usr/lib/gcc/avr/10.2.0/avr5/libgcc.a(_tablejump2.o)
 .text.libgcc.div
                0x00000000000023d8        0x0 /usr/lib/gcc/avr/10.2.0/avr5/libgcc.a(_tablejump2.o)
 .text.libgcc   0x00000000000023d8        0xc /usr/lib/gcc/avr/10.2.0/avr5/libgcc.a(_tablejump2.o)
                0x00000000000023d8                __tablejump2__
 .text.libgcc.prologue
                0x00000000000023e4        0x0 /usr/lib/gcc/avr/10.2.0/avr5/libgcc.a(_tablejump2.o)
 .text.libgcc.builtins
                0x00000000000023e4        0x0 /usr/lib/gcc/avr/10.2.0/avr5/libgcc.a(_tablejump2.o)
 .text.libgcc.fmul
                0x00000000000023e4        0x0 /usr/lib/gcc/avr/10.2.0/avr5/libgcc.a(_tablejump2.o)
 .text.libgcc.fixed
                0x00000000000023e4        0x0 /usr/lib/gcc/avr/10.2.0/avr5/libgcc.a(_tablejump2.o)
 .text.libgcc.mul
                0x00000000000023e4        0x0 /usr/lib/gcc/avr/10.2.0/avr5/libgcc.a(_copy_data.o)
 .text.libgcc.div
                0x00000000000023e4        0x0 /usr/lib/gcc/avr/10.2.0/avr5/libgcc.a(_copy_data.o)
 .text.libgcc   0x00000000000023e4        0x0 /usr/lib/gcc/avr/10.2.0/avr5/libgcc.a(_copy_data.o)
 .text.libgcc.prologue
                0x00000000000023e4        0x0 /usr/lib/gcc/avr/10.2.0/avr5/libgcc.a(_copy_data.o)
 .text.libgcc.builtins
                0x00000000000023e4        0x0 /usr/lib/gcc/avr/10.2.0/avr5/libgcc.a(_copy_data.o)
 .text.libgcc.fmul
                0x00000000000023e4        0x0 /usr/lib/gcc/avr/10.2.0/avr5/libgcc.a(_copy_data.o)
 .text.libgcc.fixed
                0x00000000000023e4        0x0 /usr/lib/gcc/avr/10.2.0/avr5/libgcc.a(_copy_data.o)
 .text.libgcc.mul
                0x00000000000023e4        0x0 /usr/lib/gcc/avr/10.2.0/avr5/libgcc.a(_clear_bss.o)
 .text.libgcc.div
                0x00000000000023e4        0x0 /usr/lib/gcc/avr/10.2.0/avr5/libgcc.a(_clear_bss.o)
 .text.libgcc   0x00000000000023e4        0x0 /usr/lib/gcc/avr/10.2.0/avr5/libgcc.a(_clear_bss.o)
 .text.libgcc.prologue
                0x00000000000023e4        0x0 /usr/lib/gcc/avr/10.2.0/avr5/libgcc.a(_clear_bss.o)
 .text.libgcc.builtins
                0x00000000000023e4        0x0 /usr/lib/gcc/avr/10.2.0/avr5/libgcc.a(_clear_bss.o)
 .text.libgcc.fmul
                0x00000000000023e4        0x0 /usr/lib/gcc/avr/10.2.0/avr5/libgcc.a(_clear_bss.o)
 .text.libgcc.fixed
                0x00000000000023e4        0x0 /usr/lib/gcc/avr/10.2.0/avr5/libgcc.a(_clear_bss.o)
 .text.avr-libc
                0x00000000000023e4       0x5a /usr/lib/gcc/avr/10.2.0/../../../../avr/lib/avr5/libc.a(dtostrf.o)
                0x00000000000023e4                dtostrf
 .text.avr-libc
                0x000000000000243e        0x8 /usr/lib/gcc/avr/10.2.0/../../../../avr/lib/avr5/libc.a(atof.o)
                0x000000000000243e                atof
 .text.avr-libc
                0x0000000000002446       0x16 /usr/lib/gcc/avr/10.2.0/../../../../avr/lib/avr5/libc.a(isalpha.o)
                0x0000000000002446                isupper
                0x000000000000244c                isalpha
                0x000000000000244e                islower
 .text.avr-libc
                0x000000000000245c       0x12 /usr/lib/gcc/avr/10.2.0/../../../../avr/lib/avr5/libc.a(memcpy_P.o)
                0x000000000000245c                memcpy_P
 .text.avr-libc
                0x000000000000246e      0x2b0 /usr/lib/gcc/avr/10.2.0/../../../../avr/lib/avr5/libc.a(dtoa_prf.o)
                0x000000000000246e                dtoa_prf
 .text.avr-libc
                0x000000000000271e      0x35a /usr/lib/gcc/avr/10.2.0/../../../../avr/lib/avr5/libc.a(strtod.o)
                0x000000000000271e                strtod
 .text.avr-libc
                0x0000000000002a78      0x1b0 /usr/lib/gcc/avr/10.2.0/../../../../avr/lib/avr5/libc.a(ftoa_engine.o)
                0x0000000000002a78                __ftoa_engine
 .text.avr-libc
                0x0000000000002c28        0x6 /usr/lib/gcc/avr/10.2.0/../../../../avr/lib/avr5/libc.a(cty_isfalse.o)
                0x0000000000002c28                __ctype_isfalse
                0x0000000000002c2c                __ctype_istrue
 .text.avr-libc
                0x0000000000002c2e       0x12 /usr/lib/gcc/avr/10.2.0/../../../../avr/lib/avr5/libc.a(isspace.o)
                0x0000000000002c2e                isspace
 .text.avr-libc
                0x0000000000002c40       0x30 /usr/lib/gcc/avr/10.2.0/../../../../avr/lib/avr5/libc.a(strncasecmp_P.o)
                0x0000000000002c40                strncasecmp_P
 .text.avr-libc
                0x0000000000002c70        0xe /usr/lib/gcc/avr/10.2.0/../../../../avr/lib/avr5/libc.a(memset.o)
                0x0000000000002c70                memset
 .text.libgcc.mul
                0x0000000000002c7e       0x16 /usr/lib/gcc/avr/10.2.0/avr5/libgcc.a(_muluhisi3.o)
                0x0000000000002c7e                __muluhisi3
 .text.libgcc.div
                0x0000000000002c94        0x0 /usr/lib/gcc/avr/10.2.0/avr5/libgcc.a(_muluhisi3.o)
 .text.libgcc   0x0000000000002c94        0x0 /usr/lib/gcc/avr/10.2.0/avr5/libgcc.a(_muluhisi3.o)
 .text.libgcc.prologue
                0x0000000000002c94        0x0 /usr/lib/gcc/avr/10.2.0/avr5/libgcc.a(_muluhisi3.o)
 .text.libgcc.builtins
                0x0000000000002c94        0x0 /usr/lib/gcc/avr/10.2.0/avr5/libgcc.a(_muluhisi3.o)
 .text.libgcc.fmul
                0x0000000000002c94        0x0 /usr/lib/gcc/avr/10.2.0/avr5/libgcc.a(_muluhisi3.o)
 .text.libgcc.fixed
                0x0000000000002c94        0x0 /usr/lib/gcc/avr/10.2.0/avr5/libgcc.a(_muluhisi3.o)
 .text.libgcc.mul
                0x0000000000002c94        0x0 /usr/lib/gcc/avr/10.2.0/avr5/libgcc.a(_prologue.o)
 .text.libgcc.div
                0x0000000000002c94        0x0 /usr/lib/gcc/avr/10.2.0/avr5/libgcc.a(_prologue.o)
 .text.libgcc   0x0000000000002c94        0x0 /usr/lib/gcc/avr/10.2.0/avr5/libgcc.a(_prologue.o)
 .text.libgcc.prologue
                0x0000000000002c94       0x38 /usr/lib/gcc/avr/10.2.0/avr5/libgcc.a(_prologue.o)
                0x0000000000002c94                __prologue_saves__
 .text.libgcc.builtins
                0x0000000000002ccc        0x0 /usr/lib/gcc/avr/10.2.0/avr5/libgcc.a(_prologue.o)
 .text.libgcc.fmul
                0x0000000000002ccc        0x0 /usr/lib/gcc/avr/10.2.0/avr5/libgcc.a(_prologue.o)
 .text.libgcc.fixed
                0x0000000000002ccc        0x0 /usr/lib/gcc/avr/10.2.0/avr5/libgcc.a(_prologue.o)
 .text.libgcc.mul
                0x0000000000002ccc        0x0 /usr/lib/gcc/avr/10.2.0/avr5/libgcc.a(_epilogue.o)
 .text.libgcc.div
                0x0000000000002ccc        0x0 /usr/lib/gcc/avr/10.2.0/avr5/libgcc.a(_epilogue.o)
 .text.libgcc   0x0000000000002ccc        0x0 /usr/lib/gcc/avr/10.2.0/avr5/libgcc.a(_epilogue.o)
 .text.libgcc.prologue
                0x0000000000002ccc       0x36 /usr/lib/gcc/avr/10.2.0/avr5/libgcc.a(_epilogue.o)
                0x0000000000002ccc                __epilogue_restores__
 .text.libgcc.builtins
                0x0000000000002d02        0x0 /usr/lib/gcc/avr/10.2.0/avr5/libgcc.a(_epilogue.o)
 .text.libgcc.fmul
                0x0000000000002d02        0x0 /usr/lib/gcc/avr/10.2.0/avr5/libgcc.a(_epilogue.o)
 .text.libgcc.fixed
                0x0000000000002d02        0x0 /usr/lib/gcc/avr/10.2.0/avr5/libgcc.a(_epilogue.o)
 .text.libgcc.mul
                0x0000000000002d02       0x1e /usr/lib/gcc/avr/10.2.0/avr5/libgcc.a(_umulhisi3.o)
                0x0000000000002d02                __umulhisi3
 .text.libgcc.div
                0x0000000000002d20        0x0 /usr/lib/gcc/avr/10.2.0/avr5/libgcc.a(_umulhisi3.o)
 .text.libgcc   0x0000000000002d20        0x0 /usr/lib/gcc/avr/10.2.0/avr5/libgcc.a(_umulhisi3.o)
 .text.libgcc.prologue
                0x0000000000002d20        0x0 /usr/lib/gcc/avr/10.2.0/avr5/libgcc.a(_umulhisi3.o)
 .text.libgcc.builtins
                0x0000000000002d20        0x0 /usr/lib/gcc/avr/10.2.0/avr5/libgcc.a(_umulhisi3.o)
 .text.libgcc.fmul
                0x0000000000002d20        0x0 /usr/lib/gcc/avr/10.2.0/avr5/libgcc.a(_umulhisi3.o)
 .text.libgcc.fixed
                0x0000000000002d20        0x0 /usr/lib/gcc/avr/10.2.0/avr5/libgcc.a(_umulhisi3.o)
                0x0000000000002d20                . = ALIGN (0x2)
 *(.fini9)
 .fini9         0x0000000000002d20        0x0 /usr/lib/gcc/avr/10.2.0/avr5/libgcc.a(_exit.o)
                0x0000000000002d20                exit
                0x0000000000002d20                _exit
 *(.fini9)
 *(.fini8)
 *(.fini8)
 *(.fini7)
 *(.fini7)
 *(.fini6)
 *(.fini6)
 *(.fini5)
 *(.fini5)
 *(.fini4)
 *(.fini4)
 *(.fini3)
 *(.fini3)
 *(.fini2)
 *(.fini2)
 *(.fini1)
 *(.fini1)
 *(.fini0)
 .fini0         0x0000000000002d20        0x4 /usr/lib/gcc/avr/10.2.0/avr5/libgcc.a(_exit.o)
 *(.fini0)
 *(.hightext)
 *(.hightext*)
 *(.progmemx.*)
                0x0000000000002d24                . = ALIGN (0x2)
 *(.jumptables)
 *(.jumptables*)
 .jumptables.gcc.calc_solve
                0x0000000000002d24       0x1a main.o
 .jumptables.gcc.mode_input_event
                0x0000000000002d3e       0x40 main.o
 .jumptables.gcc.mode_settings_event
                0x0000000000002d7e       0x34 main.o
                0x0000000000002db2                _etext = .

.data           0x0000000000800100        0x8 load address 0x0000000000002db2
                0x0000000000800100                PROVIDE (__data_start = .)
 *(.data)
 .data          0x0000000000800100        0x0 /usr/lib/gcc/avr/10.2.0/../../../../avr/lib/avr5/crtatmega168.o
 .data          0x0000000000800100        0x2 main.o
 .data          0x0000000000800102        0x0 /usr/lib/gcc/avr/10.2.0/../../../../avr/lib/avr5/libm.a(acos.o)
 .data          0x0000000000800102        0x0 /usr/lib/gcc/avr/10.2.0/../../../../avr/lib/avr5/libm.a(addsf3.o)
 .data          0x0000000000800102        0x0 /usr/lib/gcc/avr/10.2.0/../../../../avr/lib/avr5/libm.a(addsf3x.o)
 .data          0x0000000000800102        0x0 /usr/lib/gcc/avr/10.2.0/../../../../avr/lib/avr5/libm.a(asin.o)
 .data          0x0000000000800102        0x0 /usr/lib/gcc/avr/10.2.0/../../../../avr/lib/avr5/libm.a(atan.o)
 .data          0x0000000000800102        0x0 /usr/lib/gcc/avr/10.2.0/../../../../avr/lib/avr5/libm.a(cmpsf2.o)
 .data          0x0000000000800102        0x0 /usr/lib/gcc/avr/10.2.0/../../../../avr/lib/avr5/libm.a(cos.o)
 .data          0x0000000000800102        0x0 /usr/lib/gcc/avr/10.2.0/../../../../avr/lib/avr5/libm.a(divsf3.o)
 .data          0x0000000000800102        0x0 /usr/lib/gcc/avr/10.2.0/../../../../avr/lib/avr5/libm.a(divsf3x.o)
 .data          0x0000000000800102        0x0 /usr/lib/gcc/avr/10.2.0/../../../../avr/lib/avr5/libm.a(floatsisf.o)
 .data          0x0000000000800102        0x0 /usr/lib/gcc/avr/10.2.0/../../../../avr/lib/avr5/libm.a(fp_arccos.o)
 .data          0x0000000000800102        0x0 /usr/lib/gcc/avr/10.2.0/../../../../avr/lib/avr5/libm.a(fp_cmp.o)
 .data          0x0000000000800102        0x0 /usr/lib/gcc/avr/10.2.0/../../../../avr/lib/avr5/libm.a(fp_inf.o)
 .data          0x0000000000800102        0x0 /usr/lib/gcc/avr/10.2.0/../../../../avr/lib/avr5/libm.a(fp_nan.o)
 .data          0x0000000000800102        0x0 /usr/lib/gcc/avr/10.2.0/../../../../avr/lib/avr5/libm.a(fp_powser.o)
 .data          0x0000000000800102        0x0 /usr/lib/gcc/avr/10.2.0/../../../../avr/lib/avr5/libm.a(fp_powsodd.o)
 .data          0x0000000000800102        0x0 /usr/lib/gcc/avr/10.2.0/../../../../avr/lib/avr5/libm.a(fp_pscA.o)
 .data          0x0000000000800102        0x0 /usr/lib/gcc/avr/10.2.0/../../../../avr/lib/avr5/libm.a(fp_pscB.o)
 .data          0x0000000000800102        0x0 /usr/lib/gcc/avr/10.2.0/../../../../avr/lib/avr5/libm.a(fp_rempio2.o)
 .data          0x0000000000800102        0x0 /usr/lib/gcc/avr/10.2.0/../../../../avr/lib/avr5/libm.a(fp_round.o)
 .data          0x0000000000800102        0x0 /usr/lib/gcc/avr/10.2.0/../../../../avr/lib/avr5/libm.a(fp_sinus.o)
 .data          0x0000000000800102        0x0 /usr/lib/gcc/avr/10.2.0/../../../../avr/lib/avr5/libm.a(fp_split3.o)
 .data          0x0000000000800102        0x0 /usr/lib/gcc/avr/10.2.0/../../../../avr/lib/avr5/libm.a(fp_zero.o)
 .data          0x0000000000800102        0x0 /usr/lib/gcc/avr/10.2.0/../../../../avr/lib/avr5/libm.a(gesf2.o)
 .data          0x0000000000800102        0x0 /usr/lib/gcc/avr/10.2.0/../../../../avr/lib/avr5/libm.a(inverse.o)
 .data          0x0000000000800102        0x0 /usr/lib/gcc/avr/10.2.0/../../../../avr/lib/avr5/libm.a(log.o)
 .data          0x0000000000800102        0x0 /usr/lib/gcc/avr/10.2.0/../../../../avr/lib/avr5/libm.a(mulsf3.o)
 .data          0x0000000000800102        0x0 /usr/lib/gcc/avr/10.2.0/../../../../avr/lib/avr5/libm.a(mulsf3x.o)
 .data          0x0000000000800102        0x0 /usr/lib/gcc/avr/10.2.0/../../../../avr/lib/avr5/libm.a(pow.o)
 .data          0x0000000000800102        0x0 /usr/lib/gcc/avr/10.2.0/../../../../avr/lib/avr5/libm.a(sin.o)
 .data          0x0000000000800102        0x0 /usr/lib/gcc/avr/10.2.0/../../../../avr/lib/avr5/libm.a(sqrt.o)
 .data          0x0000000000800102        0x0 /usr/lib/gcc/avr/10.2.0/../../../../avr/lib/avr5/libm.a(square.o)
 .data          0x0000000000800102        0x0 /usr/lib/gcc/avr/10.2.0/../../../../avr/lib/avr5/libm.a(tan.o)
 .data          0x0000000000800102        0x0 /usr/lib/gcc/avr/10.2.0/../../../../avr/lib/avr5/libm.a(exp.o)
 .data          0x0000000000800102        0x0 /usr/lib/gcc/avr/10.2.0/../../../../avr/lib/avr5/libm.a(fp_mpack.o)
 .data          0x0000000000800102        0x0 /usr/lib/gcc/avr/10.2.0/../../../../avr/lib/avr5/libm.a(fp_norm2.o)
 .data          0x0000000000800102        0x0 /usr/lib/gcc/avr/10.2.0/../../../../avr/lib/avr5/libm.a(ldexp.o)
 .data          0x0000000000800102        0x0 /usr/lib/gcc/avr/10.2.0/../../../../avr/lib/avr5/libm.a(modf.o)
 .data          0x0000000000800102        0x0 /usr/lib/gcc/avr/10.2.0/avr5/libgcc.a(_exit.o)
 .data          0x0000000000800102        0x0 /usr/lib/gcc/avr/10.2.0/avr5/libgcc.a(_tablejump2.o)
 .data          0x0000000000800102        0x0 /usr/lib/gcc/avr/10.2.0/avr5/libgcc.a(_copy_data.o)
 .data          0x0000000000800102        0x0 /usr/lib/gcc/avr/10.2.0/avr5/libgcc.a(_clear_bss.o)
 .data          0x0000000000800102        0x0 /usr/lib/gcc/avr/10.2.0/../../../../avr/lib/avr5/libc.a(dtostrf.o)
 .data          0x0000000000800102        0x0 /usr/lib/gcc/avr/10.2.0/../../../../avr/lib/avr5/libc.a(atof.o)
 .data          0x0000000000800102        0x0 /usr/lib/gcc/avr/10.2.0/../../../../avr/lib/avr5/libc.a(isalpha.o)
 .data          0x0000000000800102        0x0 /usr/lib/gcc/avr/10.2.0/../../../../avr/lib/avr5/libc.a(memcpy_P.o)
 .data          0x0000000000800102        0x0 /usr/lib/gcc/avr/10.2.0/../../../../avr/lib/avr5/libc.a(dtoa_prf.o)
 .data          0x0000000000800102        0x0 /usr/lib/gcc/avr/10.2.0/../../../../avr/lib/avr5/libc.a(strtod.o)
 .data          0x0000000000800102        0x0 /usr/lib/gcc/avr/10.2.0/../../../../avr/lib/avr5/libc.a(ftoa_engine.o)
 .data          0x0000000000800102        0x0 /usr/lib/gcc/avr/10.2.0/../../../../avr/lib/avr5/libc.a(cty_isfalse.o)
 .data          0x0000000000800102        0x0 /usr/lib/gcc/avr/10.2.0/../../../../avr/lib/avr5/libc.a(isspace.o)
 .data          0x0000000000800102        0x0 /usr/lib/gcc/avr/10.2.0/../../../../avr/lib/avr5/libc.a(strncasecmp_P.o)
 .data          0x0000000000800102        0x0 /usr/lib/gcc/avr/10.2.0/../../../../avr/lib/avr5/libc.a(memset.o)
 .data          0x0000000000800102        0x0 /usr/lib/gcc/avr/10.2.0/../../../../avr/lib/avr5/libc.a(errno.o)
 .data          0x0000000000800102        0x0 /usr/lib/gcc/avr/10.2.0/avr5/libgcc.a(_muluhisi3.o)
 .data          0x0000000000800102        0x0 /usr/lib/gcc/avr/10.2.0/avr5/libgcc.a(_prologue.o)
 .data          0x0000000000800102        0x0 /usr/lib/gcc/avr/10.2.0/avr5/libgcc.a(_epilogue.o)
 .data          0x0000000000800102        0x0 /usr/lib/gcc/avr/10.2.0/avr5/libgcc.a(_umulhisi3.o)
 *(.data*)
 *(.gnu.linkonce.d*)
 *(.rodata)
 .rodata        0x0000000000800102        0x5 main.o
 *(.rodata*)
 *(.gnu.linkonce.r*)
                0x0000000000800108                . = ALIGN (0x2)
 *fill*         0x0000000000800107        0x1 
                0x0000000000800108                _edata = .
                0x0000000000800108                PROVIDE (__data_end = .)

.bss            0x0000000000800108      0x2ab
                0x0000000000800108                PROVIDE (__bss_start = .)
 *(.bss)
 .bss           0x0000000000800108        0x0 /usr/lib/gcc/avr/10.2.0/../../../../avr/lib/avr5/crtatmega168.o
 .bss           0x0000000000800108      0x2a9 main.o
 .bss           0x00000000008003b1        0x0 /usr/lib/gcc/avr/10.2.0/../../../../avr/lib/avr5/libm.a(acos.o)
 .bss           0x00000000008003b1        0x0 /usr/lib/gcc/avr/10.2.0/../../../../avr/lib/avr5/libm.a(addsf3.o)
 .bss           0x00000000008003b1        0x0 /usr/lib/gcc/avr/10.2.0/../../../../avr/lib/avr5/libm.a(addsf3x.o)
 .bss           0x00000000008003b1        0x0 /usr/lib/gcc/avr/10.2.0/../../../../avr/lib/avr5/libm.a(asin.o)
 .bss           0x00000000008003b1        0x0 /usr/lib/gcc/avr/10.2.0/../../../../avr/lib/avr5/libm.a(atan.o)
 .bss           0x00000000008003b1        0x0 /usr/lib/gcc/avr/10.2.0/../../../../avr/lib/avr5/libm.a(cmpsf2.o)
 .bss           0x00000000008003b1        0x0 /usr/lib/gcc/avr/10.2.0/../../../../avr/lib/avr5/libm.a(cos.o)
 .bss           0x00000000008003b1        0x0 /usr/lib/gcc/avr/10.2.0/../../../../avr/lib/avr5/libm.a(divsf3.o)
 .bss           0x00000000008003b1        0x0 /usr/lib/gcc/avr/10.2.0/../../../../avr/lib/avr5/libm.a(divsf3x.o)
 .bss           0x00000000008003b1        0x0 /usr/lib/gcc/avr/10.2.0/../../../../avr/lib/avr5/libm.a(floatsisf.o)
 .bss           0x00000000008003b1        0x0 /usr/lib/gcc/avr/10.2.0/../../../../avr/lib/avr5/libm.a(fp_arccos.o)
 .bss           0x00000000008003b1        0x0 /usr/lib/gcc/avr/10.2.0/../../../../avr/lib/avr5/libm.a(fp_cmp.o)
 .bss           0x00000000008003b1        0x0 /usr/lib/gcc/avr/10.2.0/../../../../avr/lib/avr5/libm.a(fp_inf.o)
 .bss           0x00000000008003b1        0x0 /usr/lib/gcc/avr/10.2.0/../../../../avr/lib/avr5/libm.a(fp_nan.o)
 .bss           0x00000000008003b1        0x0 /usr/lib/gcc/avr/10.2.0/../../../../avr/lib/avr5/libm.a(fp_powser.o)
 .bss           0x00000000008003b1        0x0 /usr/lib/gcc/avr/10.2.0/../../../../avr/lib/avr5/libm.a(fp_powsodd.o)
 .bss           0x00000000008003b1        0x0 /usr/lib/gcc/avr/10.2.0/../../../../avr/lib/avr5/libm.a(fp_pscA.o)
 .bss           0x00000000008003b1        0x0 /usr/lib/gcc/avr/10.2.0/../../../../avr/lib/avr5/libm.a(fp_pscB.o)
 .bss           0x00000000008003b1        0x0 /usr/lib/gcc/avr/10.2.0/../../../../avr/lib/avr5/libm.a(fp_rempio2.o)
 .bss           0x00000000008003b1        0x0 /usr/lib/gcc/avr/10.2.0/../../../../avr/lib/avr5/libm.a(fp_round.o)
 .bss           0x00000000008003b1        0x0 /usr/lib/gcc/avr/10.2.0/../../../../avr/lib/avr5/libm.a(fp_sinus.o)
 .bss           0x00000000008003b1        0x0 /usr/lib/gcc/avr/10.2.0/../../../../avr/lib/avr5/libm.a(fp_split3.o)
 .bss           0x00000000008003b1        0x0 /usr/lib/gcc/avr/10.2.0/../../../../avr/lib/avr5/libm.a(fp_zero.o)
 .bss           0x00000000008003b1        0x0 /usr/lib/gcc/avr/10.2.0/../../../../avr/lib/avr5/libm.a(gesf2.o)
 .bss           0x00000000008003b1        0x0 /usr/lib/gcc/avr/10.2.0/../../../../avr/lib/avr5/libm.a(inverse.o)
 .bss           0x00000000008003b1        0x0 /usr/lib/gcc/avr/10.2.0/../../../../avr/lib/avr5/libm.a(log.o)
 .bss           0x00000000008003b1        0x0 /usr/lib/gcc/avr/10.2.0/../../../../avr/lib/avr5/libm.a(mulsf3.o)
 .bss           0x00000000008003b1        0x0 /usr/lib/gcc/avr/10.2.0/../../../../avr/lib/avr5/libm.a(mulsf3x.o)
 .bss           0x00000000008003b1        0x0 /usr/lib/gcc/avr/10.2.0/../../../../avr/lib/avr5/libm.a(pow.o)
 .bss           0x00000000008003b1        0x0 /usr/lib/gcc/avr/10.2.0/../../../../avr/lib/avr5/libm.a(sin.o)
 .bss           0x00000000008003b1        0x0 /usr/lib/gcc/avr/10.2.0/../../../../avr/lib/avr5/libm.a(sqrt.o)
 .bss           0x00000000008003b1        0x0 /usr/lib/gcc/avr/10.2.0/../../../../avr/lib/avr5/libm.a(square.o)
 .bss           0x00000000008003b1        0x0 /usr/lib/gcc/avr/10.2.0/../../../../avr/lib/avr5/libm.a(tan.o)
 .bss           0x00000000008003b1        0x0 /usr/lib/gcc/avr/10.2.0/../../../../avr/lib/avr5/libm.a(exp.o)
 .bss           0x00000000008003b1        0x0 /usr/lib/gcc/avr/10.2.0/../../../../avr/lib/avr5/libm.a(fp_mpack.o)
 .bss           0x00000000008003b1        0x0 /usr/lib/gcc/avr/10.2.0/../../../../avr/lib/avr5/libm.a(fp_norm2.o)
 .bss           0x00000000008003b1        0x0 /usr/lib/gcc/avr/10.2.0/../../../../avr/lib/avr5/libm.a(ldexp.o)
 .bss           0x00000000008003b1        0x0 /usr/lib/gcc/avr/10.2.0/../../../../avr/lib/avr5/libm.a(modf.o)
 .bss           0x00000000008003b1        0x0 /usr/lib/gcc/avr/10.2.0/avr5/libgcc.a(_exit.o)
 .bss           0x00000000008003b1        0x0 /usr/lib/gcc/avr/10.2.0/avr5/libgcc.a(_tablejump2.o)
 .bss           0x00000000008003b1        0x0 /usr/lib/gcc/avr/10.2.0/avr5/libgcc.a(_copy_data.o)
 .bss           0x00000000008003b1        0x0 /usr/lib/gcc/avr/10.2.0/avr5/libgcc.a(_clear_bss.o)
 .bss           0x00000000008003b1        0x0 /usr/lib/gcc/avr/10.2.0/../../../../avr/lib/avr5/libc.a(dtostrf.o)
 .bss           0x00000000008003b1        0x0 /usr/lib/gcc/avr/10.2.0/../../../../avr/lib/avr5/libc.a(atof.o)
 .bss           0x00000000008003b1        0x0 /usr/lib/gcc/avr/10.2.0/../../../../avr/lib/avr5/libc.a(isalpha.o)
 .bss           0x00000000008003b1        0x0 /usr/lib/gcc/avr/10.2.0/../../../../avr/lib/avr5/libc.a(memcpy_P.o)
 .bss           0x00000000008003b1        0x0 /usr/lib/gcc/avr/10.2.0/../../../../avr/lib/avr5/libc.a(dtoa_prf.o)
 .bss           0x00000000008003b1        0x0 /usr/lib/gcc/avr/10.2.0/../../../../avr/lib/avr5/libc.a(strtod.o)
 .bss           0x00000000008003b1        0x0 /usr/lib/gcc/avr/10.2.0/../../../../avr/lib/avr5/libc.a(ftoa_engine.o)
 .bss           0x00000000008003b1        0x0 /usr/lib/gcc/avr/10.2.0/../../../../avr/lib/avr5/libc.a(cty_isfalse.o)
 .bss           0x00000000008003b1        0x0 /usr/lib/gcc/avr/10.2.0/../../../../avr/lib/avr5/libc.a(isspace.o)
 .bss           0x00000000008003b1        0x0 /usr/lib/gcc/avr/10.2.0/../../../../avr/lib/avr5/libc.a(strncasecmp_P.o)
 .bss           0x00000000008003b1        0x0 /usr/lib/gcc/avr/10.2.0/../../../../avr/lib/avr5/libc.a(memset.o)
 .bss           0x00000000008003b1        0x2 /usr/lib/gcc/avr/10.2.0/../../../../avr/lib/avr5/libc.a(errno.o)
                0x00000000008003b1                errno
 .bss           0x00000000008003b3        0x0 /usr/lib/gcc/avr/10.2.0/avr5/libgcc.a(_muluhisi3.o)
 .bss           0x00000000008003b3        0x0 /usr/lib/gcc/avr/10.2.0/avr5/libgcc.a(_prologue.o)
 .bss           0x00000000008003b3        0x0 /usr/lib/gcc/avr/10.2.0/avr5/libgcc.a(_epilogue.o)
 .bss           0x00000000008003b3        0x0 /usr/lib/gcc/avr/10.2.0/avr5/libgcc.a(_umulhisi3.o)
 *(.bss*)
 *(COMMON)
                0x00000000008003b3                PROVIDE (__bss_end = .)
                0x0000000000002db2                __data_load_start = LOADADDR (.data)
                0x0000000000002dba                __data_load_end = (__data_load_start + SIZEOF (.data))

.noinit         0x00000000008003b3        0x0
                [!provide]                        PROVIDE (__noinit_start = .)
 *(.noinit .noinit.* .gnu.linkonce.n.*)
                [!provide]                        PROVIDE (__noinit_end = .)
                0x00000000008003b3                _end = .
                [!provide]                        PROVIDE (__heap_start = .)

.eeprom         0x0000000000810000        0x0
 *(.eeprom*)
                0x0000000000810000                __eeprom_end = .

.fuse
 *(.fuse)
 *(.lfuse)
 *(.hfuse)
 *(.efuse)

.lock
 *(.lock*)

.signature
 *(.signature*)

.stab
 *(.stab)

.stabstr
 *(.stabstr)

.stab.excl
 *(.stab.excl)

.stab.exclstr
 *(.stab.exclstr)

.stab.index
 *(.stab.index)

.stab.indexstr
 *(.stab.indexstr)

.comment        0x0000000000000000       0x24
 *(.comment)
 .comment       0x0000000000000000       0x12 main.o
                                         0x13 (size before relaxing)
 .comment       0x0000000000000012       0x12 /usr/lib/gcc/avr/10.2.0/../../../../avr/lib/avr5/libc.a(dtostrf.o)
                                         0x13 (size before relaxing)
 .comment       0x0000000000000024       0x13 /usr/lib/gcc/avr/10.2.0/../../../../avr/lib/avr5/libc.a(dtoa_prf.o)
 .comment       0x0000000000000024       0x13 /usr/lib/gcc/avr/10.2.0/../../../../avr/lib/avr5/libc.a(strtod.o)
 .comment       0x0000000000000024       0x13 /usr/lib/gcc/avr/10.2.0/../../../../avr/lib/avr5/libc.a(errno.o)

.note.gnu.avr.deviceinfo
                0x0000000000000000       0x3c
 .note.gnu.avr.deviceinfo
                0x0000000000000000       0x3c /usr/lib/gcc/avr/10.2.0/../../../../avr/lib/avr5/crtatmega168.o

.note.gnu.build-id
 *(.note.gnu.build-id)

.debug
 *(.debug)

.line
 *(.line)

.debug_srcinfo
 *(.debug_srcinfo)

.debug_sfnames
 *(.debug_sfnames)

.debug_aranges  0x0000000000000000       0x28
 *(.debug_aranges)
 .debug_aranges
                0x0000000000000000       0x28 main.o

.debug_pubnames
 *(.debug_pubnames)

.debug_info     0x0000000000000000     0x27ca
 *(.debug_info .gnu.linkonce.wi.*)
 .debug_info    0x0000000000000000      0x5f4 /usr/lib/gcc/avr/10.2.0/../../../../avr/lib/avr5/crtatmega168.o
 .debug_info    0x00000000000005f4     0x21d6 main.o

.debug_abbrev   0x0000000000000000      0xaf4
 *(.debug_abbrev)
 .debug_abbrev  0x0000000000000000      0x5a2 /usr/lib/gcc/avr/10.2.0/../../../../avr/lib/avr5/crtatmega168.o
 .debug_abbrev  0x00000000000005a2      0x552 main.o

.debug_line     0x0000000000000000     0x266a
 *(.debug_line .debug_line.* .debug_line_end)
 .debug_line    0x0000000000000000       0x1d /usr/lib/gcc/avr/10.2.0/../../../../avr/lib/avr5/crtatmega168.o
 .debug_line    0x000000000000001d     0x264d main.o

.debug_frame    0x0000000000000000      0x340
 *(.debug_frame)
 .debug_frame   0x0000000000000000      0x340 main.o

.debug_str      0x0000000000000000      0xb00
 *(.debug_str)
 .debug_str     0x0000000000000000      0x208 /usr/lib/gcc/avr/10.2.0/../../../../avr/lib/avr5/crtatmega168.o
 .debug_str     0x0000000000000208      0x8f8 main.o
                                        0x974 (size before relaxing)

.debug_loc      0x0000000000000000     0x2352
 *(.debug_loc)
 .debug_loc     0x0000000000000000     0x2352 main.o

.debug_macinfo
 *(.debug_macinfo)

.debug_weaknames
 *(.debug_weaknames)

.debug_funcnames
 *(.debug_funcnames)

.debug_typenames
 *(.debug_typenames)

.debug_varnames
 *(.debug_varnames)

.debug_pubtypes
 *(.debug_pubtypes)

.debug_ranges   0x0000000000000000      0x200
 *(.debug_ranges)
 .debug_ranges  0x0000000000000000      0x200 main.o

.debug_addr
 *(.debug_addr)

.debug_line_str
 *(.debug_line_str)

.debug_loclists
 *(.debug_loclists)

.debug_macro
 *(.debug_macro)

.debug_names
 *(.debug_names)

.debug_rnglists
 *(.debug_rnglists)

.debug_str_offsets
 *(.debug_str_offsets)

.debug_sup
 *(.debug_sup)
OUTPUT(main.elf elf32-avr)
LOAD linker stubs

Cross Reference Table

Symbol                                            File
__addsf3                                          /usr/lib/gcc/avr/10.2.0/../../../../avr/lib/avr5/libm.a(addsf3.o)
                                                  /usr/lib/gcc/avr/10.2.0/../../../../avr/lib/avr5/libm.a(log.o)
                                                  main.o
__addsf3x                                         /usr/lib/gcc/avr/10.2.0/../../../../avr/lib/avr5/libm.a(addsf3x.o)
                                                  /usr/lib/gcc/avr/10.2.0/../../../../avr/lib/avr5/libm.a(tan.o)
                                                  /usr/lib/gcc/avr/10.2.0/../../../../avr/lib/avr5/libm.a(log.o)
                                                  /usr/lib/gcc/avr/10.2.0/../../../../avr/lib/avr5/libm.a(fp_sinus.o)
                                                  /usr/lib/gcc/avr/10.2.0/../../../../avr/lib/avr5/libm.a(fp_powser.o)
                                                  /usr/lib/gcc/avr/10.2.0/../../../../avr/lib/avr5/libm.a(atan.o)
                                                  /usr/lib/gcc/avr/10.2.0/../../../../avr/lib/avr5/libm.a(asin.o)
                                                  /usr/lib/gcc/avr/10.2.0/../../../../avr/lib/avr5/libm.a(addsf3.o)
                                                  /usr/lib/gcc/avr/10.2.0/../../../../avr/lib/avr5/libm.a(acos.o)
__bad_interrupt                                   /usr/lib/gcc/avr/10.2.0/../../../../avr/lib/avr5/crtatmega168.o
__bss_end                                         /usr/lib/gcc/avr/10.2.0/avr5/libgcc.a(_clear_bss.o)
__bss_start                                       /usr/lib/gcc/avr/10.2.0/avr5/libgcc.a(_clear_bss.o)
__cmpsf2                                          /usr/lib/gcc/avr/10.2.0/../../../../avr/lib/avr5/libm.a(cmpsf2.o)
__ctype_isfalse                                   /usr/lib/gcc/avr/10.2.0/../../../../avr/lib/avr5/libc.a(cty_isfalse.o)
                                                  /usr/lib/gcc/avr/10.2.0/../../../../avr/lib/avr5/libc.a(isspace.o)
                                                  /usr/lib/gcc/avr/10.2.0/../../../../avr/lib/avr5/libc.a(isalpha.o)
__ctype_istrue                                    /usr/lib/gcc/avr/10.2.0/../../../../avr/lib/avr5/libc.a(cty_isfalse.o)
__data_end                                        /usr/lib/gcc/avr/10.2.0/avr5/libgcc.a(_copy_data.o)
__data_load_start                                 /usr/lib/gcc/avr/10.2.0/avr5/libgcc.a(_copy_data.o)
__data_start                                      /usr/lib/gcc/avr/10.2.0/avr5/libgcc.a(_copy_data.o)
__divsf3                                          /usr/lib/gcc/avr/10.2.0/../../../../avr/lib/avr5/libm.a(divsf3.o)
                                                  /usr/lib/gcc/avr/10.2.0/../../../../avr/lib/avr5/libm.a(inverse.o)
                                                  main.o
__divsf3_pse                                      /usr/lib/gcc/avr/10.2.0/../../../../avr/lib/avr5/libm.a(divsf3x.o)
__divsf3x                                         /usr/lib/gcc/avr/10.2.0/../../../../avr/lib/avr5/libm.a(divsf3x.o)
                                                  /usr/lib/gcc/avr/10.2.0/../../../../avr/lib/avr5/libm.a(divsf3.o)
__do_clear_bss                                    /usr/lib/gcc/avr/10.2.0/avr5/libgcc.a(_clear_bss.o)
                                                  /usr/lib/gcc/avr/10.2.0/../../../../avr/lib/avr5/libc.a(errno.o)
                                                  main.o
__do_copy_data                                    /usr/lib/gcc/avr/10.2.0/avr5/libgcc.a(_copy_data.o)
                                                  main.o
__epilogue_restores__                             /usr/lib/gcc/avr/10.2.0/avr5/libgcc.a(_epilogue.o)
                                                  /usr/lib/gcc/avr/10.2.0/../../../../avr/lib/avr5/libc.a(strtod.o)
                                                  /usr/lib/gcc/avr/10.2.0/../../../../avr/lib/avr5/libc.a(dtoa_prf.o)
__eqsf2                                           /usr/lib/gcc/avr/10.2.0/../../../../avr/lib/avr5/libm.a(cmpsf2.o)
                                                  /usr/lib/gcc/avr/10.2.0/../../../../avr/lib/avr5/libc.a(strtod.o)
                                                  main.o
__floatsisf                                       /usr/lib/gcc/avr/10.2.0/../../../../avr/lib/avr5/libm.a(floatsisf.o)
                                                  /usr/lib/gcc/avr/10.2.0/../../../../avr/lib/avr5/libm.a(log.o)
                                                  main.o
__floatunsisf                                     /usr/lib/gcc/avr/10.2.0/../../../../avr/lib/avr5/libm.a(floatsisf.o)
                                                  /usr/lib/gcc/avr/10.2.0/../../../../avr/lib/avr5/libc.a(strtod.o)
__fp_arccos                                       /usr/lib/gcc/avr/10.2.0/../../../../avr/lib/avr5/libm.a(fp_arccos.o)
                                                  /usr/lib/gcc/avr/10.2.0/../../../../avr/lib/avr5/libm.a(asin.o)
                                                  /usr/lib/gcc/avr/10.2.0/../../../../avr/lib/avr5/libm.a(acos.o)
__fp_cmp                                          /usr/lib/gcc/avr/10.2.0/../../../../avr/lib/avr5/libm.a(fp_cmp.o)
                                                  /usr/lib/gcc/avr/10.2.0/../../../../avr/lib/avr5/libm.a(gesf2.o)
                                                  /usr/lib/gcc/avr/10.2.0/../../../../avr/lib/avr5/libm.a(cmpsf2.o)
__fp_inf                                          /usr/lib/gcc/avr/10.2.0/../../../../avr/lib/avr5/libm.a(fp_inf.o)
                                                  /usr/lib/gcc/avr/10.2.0/../../../../avr/lib/avr5/libm.a(ldexp.o)
                                                  /usr/lib/gcc/avr/10.2.0/../../../../avr/lib/avr5/libm.a(exp.o)
                                                  /usr/lib/gcc/avr/10.2.0/../../../../avr/lib/avr5/libm.a(mulsf3x.o)
                                                  /usr/lib/gcc/avr/10.2.0/../../../../avr/lib/avr5/libm.a(log.o)
                                                  /usr/lib/gcc/avr/10.2.0/../../../../avr/lib/avr5/libm.a(divsf3x.o)
                                                  /usr/lib/gcc/avr/10.2.0/../../../../avr/lib/avr5/libm.a(addsf3x.o)
__fp_mpack                                        /usr/lib/gcc/avr/10.2.0/../../../../avr/lib/avr5/libm.a(fp_mpack.o)
                                                  /usr/lib/gcc/avr/10.2.0/../../../../avr/lib/avr5/libm.a(ldexp.o)
                                                  /usr/lib/gcc/avr/10.2.0/../../../../avr/lib/avr5/libm.a(sqrt.o)
                                                  /usr/lib/gcc/avr/10.2.0/../../../../avr/lib/avr5/libm.a(log.o)
__fp_mpack_finite                                 /usr/lib/gcc/avr/10.2.0/../../../../avr/lib/avr5/libm.a(fp_mpack.o)
                                                  /usr/lib/gcc/avr/10.2.0/../../../../avr/lib/avr5/libm.a(fp_rempio2.o)
__fp_nan                                          /usr/lib/gcc/avr/10.2.0/../../../../avr/lib/avr5/libm.a(fp_nan.o)
                                                  /usr/lib/gcc/avr/10.2.0/../../../../avr/lib/avr5/libm.a(exp.o)
                                                  /usr/lib/gcc/avr/10.2.0/../../../../avr/lib/avr5/libm.a(sqrt.o)
                                                  /usr/lib/gcc/avr/10.2.0/../../../../avr/lib/avr5/libm.a(pow.o)
                                                  /usr/lib/gcc/avr/10.2.0/../../../../avr/lib/avr5/libm.a(mulsf3x.o)
                                                  /usr/lib/gcc/avr/10.2.0/../../../../avr/lib/avr5/libm.a(log.o)
                                                  /usr/lib/gcc/avr/10.2.0/../../../../avr/lib/avr5/libm.a(fp_rempio2.o)
                                                  /usr/lib/gcc/avr/10.2.0/../../../../avr/lib/avr5/libm.a(divsf3x.o)
                                                  /usr/lib/gcc/avr/10.2.0/../../../../avr/lib/avr5/libm.a(addsf3x.o)
__fp_norm2                                        /usr/lib/gcc/avr/10.2.0/../../../../avr/lib/avr5/libm.a(fp_norm2.o)
                                                  /usr/lib/gcc/avr/10.2.0/../../../../avr/lib/avr5/libm.a(sqrt.o)
__fp_powser                                       /usr/lib/gcc/avr/10.2.0/../../../../avr/lib/avr5/libm.a(fp_powser.o)
                                                  /usr/lib/gcc/avr/10.2.0/../../../../avr/lib/avr5/libm.a(exp.o)
                                                  /usr/lib/gcc/avr/10.2.0/../../../../avr/lib/avr5/libm.a(log.o)
                                                  /usr/lib/gcc/avr/10.2.0/../../../../avr/lib/avr5/libm.a(fp_powsodd.o)
                                                  /usr/lib/gcc/avr/10.2.0/../../../../avr/lib/avr5/libm.a(fp_arccos.o)
                                                  /usr/lib/gcc/avr/10.2.0/../../../../avr/lib/avr5/libm.a(atan.o)
__fp_powsodd                                      /usr/lib/gcc/avr/10.2.0/../../../../avr/lib/avr5/libm.a(fp_powsodd.o)
                                                  /usr/lib/gcc/avr/10.2.0/../../../../avr/lib/avr5/libm.a(tan.o)
                                                  /usr/lib/gcc/avr/10.2.0/../../../../avr/lib/avr5/libm.a(fp_sinus.o)
                                                  /usr/lib/gcc/avr/10.2.0/../../../../avr/lib/avr5/libm.a(asin.o)
__fp_pscA                                         /usr/lib/gcc/avr/10.2.0/../../../../avr/lib/avr5/libm.a(fp_pscA.o)
                                                  /usr/lib/gcc/avr/10.2.0/../../../../avr/lib/avr5/libm.a(mulsf3x.o)
                                                  /usr/lib/gcc/avr/10.2.0/../../../../avr/lib/avr5/libm.a(divsf3x.o)
                                                  /usr/lib/gcc/avr/10.2.0/../../../../avr/lib/avr5/libm.a(addsf3x.o)
__fp_pscB                                         /usr/lib/gcc/avr/10.2.0/../../../../avr/lib/avr5/libm.a(fp_pscB.o)
                                                  /usr/lib/gcc/avr/10.2.0/../../../../avr/lib/avr5/libm.a(mulsf3x.o)
                                                  /usr/lib/gcc/avr/10.2.0/../../../../avr/lib/avr5/libm.a(divsf3x.o)
                                                  /usr/lib/gcc/avr/10.2.0/../../../../avr/lib/avr5/libm.a(addsf3x.o)
__fp_rempio2                                      /usr/lib/gcc/avr/10.2.0/../../../../avr/lib/avr5/libm.a(fp_rempio2.o)
                                                  /usr/lib/gcc/avr/10.2.0/../../../../avr/lib/avr5/libm.a(tan.o)
                                                  /usr/lib/gcc/avr/10.2.0/../../../../avr/lib/avr5/libm.a(sin.o)
                                                  /usr/lib/gcc/avr/10.2.0/../../../../avr/lib/avr5/libm.a(cos.o)
__fp_round                                        /usr/lib/gcc/avr/10.2.0/../../../../avr/lib/avr5/libm.a(fp_round.o)
                                                  /usr/lib/gcc/avr/10.2.0/../../../../avr/lib/avr5/libm.a(tan.o)
                                                  /usr/lib/gcc/avr/10.2.0/../../../../avr/lib/avr5/libm.a(mulsf3.o)
                                                  /usr/lib/gcc/avr/10.2.0/../../../../avr/lib/avr5/libm.a(log.o)
                                                  /usr/lib/gcc/avr/10.2.0/../../../../avr/lib/avr5/libm.a(fp_sinus.o)
                                                  /usr/lib/gcc/avr/10.2.0/../../../../avr/lib/avr5/libm.a(fp_arccos.o)
                                                  /usr/lib/gcc/avr/10.2.0/../../../../avr/lib/avr5/libm.a(divsf3.o)
                                                  /usr/lib/gcc/avr/10.2.0/../../../../avr/lib/avr5/libm.a(atan.o)
                                                  /usr/lib/gcc/avr/10.2.0/../../../../avr/lib/avr5/libm.a(asin.o)
                                                  /usr/lib/gcc/avr/10.2.0/../../../../avr/lib/avr5/libm.a(addsf3.o)
                                                  /usr/lib/gcc/avr/10.2.0/../../../../avr/lib/avr5/libm.a(acos.o)
__fp_sinus                                        /usr/lib/gcc/avr/10.2.0/../../../../avr/lib/avr5/libm.a(fp_sinus.o)
                                                  /usr/lib/gcc/avr/10.2.0/../../../../avr/lib/avr5/libm.a(sin.o)
                                                  /usr/lib/gcc/avr/10.2.0/../../../../avr/lib/avr5/libm.a(cos.o)
__fp_split3                                       /usr/lib/gcc/avr/10.2.0/../../../../avr/lib/avr5/libm.a(fp_split3.o)
                                                  /usr/lib/gcc/avr/10.2.0/../../../../avr/lib/avr5/libm.a(mulsf3x.o)
                                                  /usr/lib/gcc/avr/10.2.0/../../../../avr/lib/avr5/libm.a(divsf3x.o)
                                                  /usr/lib/gcc/avr/10.2.0/../../../../avr/lib/avr5/libm.a(addsf3x.o)
__fp_splitA                                       /usr/lib/gcc/avr/10.2.0/../../../../avr/lib/avr5/libm.a(fp_split3.o)
                                                  /usr/lib/gcc/avr/10.2.0/../../../../avr/lib/avr5/libm.a(ldexp.o)
                                                  /usr/lib/gcc/avr/10.2.0/../../../../avr/lib/avr5/libm.a(exp.o)
                                                  /usr/lib/gcc/avr/10.2.0/../../../../avr/lib/avr5/libm.a(sqrt.o)
                                                  /usr/lib/gcc/avr/10.2.0/../../../../avr/lib/avr5/libm.a(log.o)
                                                  /usr/lib/gcc/avr/10.2.0/../../../../avr/lib/avr5/libm.a(fp_rempio2.o)
__fp_szero                                        /usr/lib/gcc/avr/10.2.0/../../../../avr/lib/avr5/libm.a(fp_zero.o)
                                                  /usr/lib/gcc/avr/10.2.0/../../../../avr/lib/avr5/libm.a(ldexp.o)
                                                  /usr/lib/gcc/avr/10.2.0/../../../../avr/lib/avr5/libm.a(mulsf3x.o)
                                                  /usr/lib/gcc/avr/10.2.0/../../../../avr/lib/avr5/libm.a(divsf3x.o)
__fp_zero                                         /usr/lib/gcc/avr/10.2.0/../../../../avr/lib/avr5/libm.a(fp_zero.o)
                                                  /usr/lib/gcc/avr/10.2.0/../../../../avr/lib/avr5/libm.a(exp.o)
                                                  /usr/lib/gcc/avr/10.2.0/../../../../avr/lib/avr5/libm.a(addsf3x.o)
__ftoa_engine                                     /usr/lib/gcc/avr/10.2.0/../../../../avr/lib/avr5/libc.a(ftoa_engine.o)
                                                  /usr/lib/gcc/avr/10.2.0/../../../../avr/lib/avr5/libc.a(dtoa_prf.o)
__gesf2                                           /usr/lib/gcc/avr/10.2.0/../../../../avr/lib/avr5/libm.a(gesf2.o)
                                                  main.o
__gtsf2                                           /usr/lib/gcc/avr/10.2.0/../../../../avr/lib/avr5/libm.a(gesf2.o)
__heap_end                                        /usr/lib/gcc/avr/10.2.0/../../../../avr/lib/avr5/crtatmega168.o
__init                                            /usr/lib/gcc/avr/10.2.0/../../../../avr/lib/avr5/crtatmega168.o
__lesf2                                           /usr/lib/gcc/avr/10.2.0/../../../../avr/lib/avr5/libm.a(cmpsf2.o)
                                                  main.o
__ltsf2                                           /usr/lib/gcc/avr/10.2.0/../../../../avr/lib/avr5/libm.a(cmpsf2.o)
__mulsf3                                          /usr/lib/gcc/avr/10.2.0/../../../../avr/lib/avr5/libm.a(mulsf3.o)
                                                  /usr/lib/gcc/avr/10.2.0/../../../../avr/lib/avr5/libc.a(strtod.o)
                                                  /usr/lib/gcc/avr/10.2.0/../../../../avr/lib/avr5/libm.a(square.o)
                                                  /usr/lib/gcc/avr/10.2.0/../../../../avr/lib/avr5/libm.a(pow.o)
                                                  /usr/lib/gcc/avr/10.2.0/../../../../avr/lib/avr5/libm.a(fp_powsodd.o)
                                                  main.o
__mulsf3_pse                                      /usr/lib/gcc/avr/10.2.0/../../../../avr/lib/avr5/libm.a(mulsf3x.o)
                                                  /usr/lib/gcc/avr/10.2.0/../../../../avr/lib/avr5/libm.a(exp.o)
__mulsf3x                                         /usr/lib/gcc/avr/10.2.0/../../../../avr/lib/avr5/libm.a(mulsf3x.o)
                                                  /usr/lib/gcc/avr/10.2.0/../../../../avr/lib/avr5/libm.a(mulsf3.o)
                                                  /usr/lib/gcc/avr/10.2.0/../../../../avr/lib/avr5/libm.a(log.o)
                                                  /usr/lib/gcc/avr/10.2.0/../../../../avr/lib/avr5/libm.a(fp_powser.o)
                                                  /usr/lib/gcc/avr/10.2.0/../../../../avr/lib/avr5/libm.a(fp_arccos.o)
                                                  /usr/lib/gcc/avr/10.2.0/../../../../avr/lib/avr5/libm.a(atan.o)
__muluhisi3                                       /usr/lib/gcc/avr/10.2.0/avr5/libgcc.a(_muluhisi3.o)
                                                  /usr/lib/gcc/avr/10.2.0/../../../../avr/lib/avr5/libc.a(strtod.o)
__nesf2                                           /usr/lib/gcc/avr/10.2.0/../../../../avr/lib/avr5/libm.a(cmpsf2.o)
                                                  /usr/lib/gcc/avr/10.2.0/../../../../avr/lib/avr5/libc.a(strtod.o)
__prologue_saves__                                /usr/lib/gcc/avr/10.2.0/avr5/libgcc.a(_prologue.o)
                                                  /usr/lib/gcc/avr/10.2.0/../../../../avr/lib/avr5/libc.a(strtod.o)
                                                  /usr/lib/gcc/avr/10.2.0/../../../../avr/lib/avr5/libc.a(dtoa_prf.o)
__stack                                           /usr/lib/gcc/avr/10.2.0/../../../../avr/lib/avr5/crtatmega168.o
__subsf3                                          /usr/lib/gcc/avr/10.2.0/../../../../avr/lib/avr5/libm.a(addsf3.o)
                                                  /usr/lib/gcc/avr/10.2.0/../../../../avr/lib/avr5/libm.a(modf.o)
                                                  /usr/lib/gcc/avr/10.2.0/../../../../avr/lib/avr5/libm.a(fp_arccos.o)
                                                  main.o
__tablejump2__                                    /usr/lib/gcc/avr/10.2.0/avr5/libgcc.a(_tablejump2.o)
                                                  main.o
__umulhisi3                                       /usr/lib/gcc/avr/10.2.0/avr5/libgcc.a(_umulhisi3.o)
                                                  /usr/lib/gcc/avr/10.2.0/avr5/libgcc.a(_muluhisi3.o)
__vector_1                                        /usr/lib/gcc/avr/10.2.0/../../../../avr/lib/avr5/crtatmega168.o
__vector_10                                       /usr/lib/gcc/avr/10.2.0/../../../../avr/lib/avr5/crtatmega168.o
__vector_11                                       /usr/lib/gcc/avr/10.2.0/../../../../avr/lib/avr5/crtatmega168.o
__vector_12                                       /usr/lib/gcc/avr/10.2.0/../../../../avr/lib/avr5/crtatmega168.o
__vector_13                                       /usr/lib/gcc/avr/10.2.0/../../../../avr/lib/avr5/crtatmega168.o
__vector_14                                       /usr/lib/gcc/avr/10.2.0/../../../../avr/lib/avr5/crtatmega168.o
__vector_15                                       /usr/lib/gcc/avr/10.2.0/../../../../avr/lib/avr5/crtatmega168.o
__vector_16                                       /usr/lib/gcc/avr/10.2.0/../../../../avr/lib/avr5/crtatmega168.o
__vector_17                                       /usr/lib/gcc/avr/10.2.0/../../../../avr/lib/avr5/crtatmega168.o
__vector_18                                       /usr/lib/gcc/avr/10.2.0/../../../../avr/lib/avr5/crtatmega168.o
__vector_19                                       /usr/lib/gcc/avr/10.2.0/../../../../avr/lib/avr5/crtatmega168.o
__vector_2                                        /usr/lib/gcc/avr/10.2.0/../../../../avr/lib/avr5/crtatmega168.o
__vector_20                                       /usr/lib/gcc/avr/10.2.0/../../../../avr/lib/avr5/crtatmega168.o
__vector_21                                       /usr/lib/gcc/avr/10.2.0/../../../../avr/lib/avr5/crtatmega168.o
__vector_22                                       /usr/lib/gcc/avr/10.2.0/../../../../avr/lib/avr5/crtatmega168.o
__vector_23                                       /usr/lib/gcc/avr/10.2.0/../../../../avr/lib/avr5/crtatmega168.o
__vector_24                                       /usr/lib/gcc/avr/10.2.0/../../../../avr/lib/avr5/crtatmega168.o
__vector_25                                       /usr/lib/gcc/avr/10.2.0/../../../../avr/lib/avr5/crtatmega168.o
__vector_3                                        /usr/lib/gcc/avr/10.2.0/../../../../avr/lib/avr5/crtatmega168.o
__vector_4                                        /usr/lib/gcc/avr/10.2.0/../../../../avr/lib/avr5/crtatmega168.o
__vector_5                                        /usr/lib/gcc/avr/10.2.0/../../../../avr/lib/avr5/crtatmega168.o
__vector_6                                        /usr/lib/gcc/avr/10.2.0/../../../../avr/lib/avr5/crtatmega168.o
__vector_7                                        main.o
                                                  /usr/lib/gcc/avr/10.2.0/../../../../avr/lib/avr5/crtatmega168.o
__vector_8                                        /usr/lib/gcc/avr/10.2.0/../../../../avr/lib/avr5/crtatmega168.o
__vector_9                                        /usr/lib/gcc/avr/10.2.0/../../../../avr/lib/avr5/crtatmega168.o
__vector_default                                  /usr/lib/gcc/avr/10.2.0/../../../../avr/lib/avr5/crtatmega168.o
__vectors                                         /usr/lib/gcc/avr/10.2.0/../../../../avr/lib/avr5/crtatmega168.o
_exit                                             /usr/lib/gcc/avr/10.2.0/avr5/libgcc.a(_exit.o)
acos                                              /usr/lib/gcc/avr/10.2.0/../../../../avr/lib/avr5/libm.a(acos.o)
                                                  main.o
asin                                              /usr/lib/gcc/avr/10.2.0/../../../../avr/lib/avr5/libm.a(asin.o)
                                                  main.o
atan                                              /usr/lib/gcc/avr/10.2.0/../../../../avr/lib/avr5/libm.a(atan.o)
                                                  main.o
atof                                              /usr/lib/gcc/avr/10.2.0/../../../../avr/lib/avr5/libc.a(atof.o)
                                                  main.o
cos                                               /usr/lib/gcc/avr/10.2.0/../../../../avr/lib/avr5/libm.a(cos.o)
                                                  main.o
dtoa_prf                                          /usr/lib/gcc/avr/10.2.0/../../../../avr/lib/avr5/libc.a(dtoa_prf.o)
                                                  /usr/lib/gcc/avr/10.2.0/../../../../avr/lib/avr5/libc.a(dtostrf.o)
dtostrf                                           /usr/lib/gcc/avr/10.2.0/../../../../avr/lib/avr5/libc.a(dtostrf.o)
                                                  main.o
errno                                             /usr/lib/gcc/avr/10.2.0/../../../../avr/lib/avr5/libc.a(errno.o)
                                                  /usr/lib/gcc/avr/10.2.0/../../../../avr/lib/avr5/libc.a(strtod.o)
exit                                              /usr/lib/gcc/avr/10.2.0/avr5/libgcc.a(_exit.o)
                                                  /usr/lib/gcc/avr/10.2.0/../../../../avr/lib/avr5/crtatmega168.o
exp                                               /usr/lib/gcc/avr/10.2.0/../../../../avr/lib/avr5/libm.a(exp.o)
                                                  /usr/lib/gcc/avr/10.2.0/../../../../avr/lib/avr5/libm.a(pow.o)
inverse                                           /usr/lib/gcc/avr/10.2.0/../../../../avr/lib/avr5/libm.a(inverse.o)
                                                  /usr/lib/gcc/avr/10.2.0/../../../../avr/lib/avr5/libm.a(exp.o)
                                                  /usr/lib/gcc/avr/10.2.0/../../../../avr/lib/avr5/libm.a(tan.o)
                                                  /usr/lib/gcc/avr/10.2.0/../../../../avr/lib/avr5/libm.a(atan.o)
isalpha                                           /usr/lib/gcc/avr/10.2.0/../../../../avr/lib/avr5/libc.a(isalpha.o)
islower                                           /usr/lib/gcc/avr/10.2.0/../../../../avr/lib/avr5/libc.a(isalpha.o)
                                                  main.o
isspace                                           /usr/lib/gcc/avr/10.2.0/../../../../avr/lib/avr5/libc.a(isspace.o)
                                                  /usr/lib/gcc/avr/10.2.0/../../../../avr/lib/avr5/libc.a(strtod.o)
isupper                                           /usr/lib/gcc/avr/10.2.0/../../../../avr/lib/avr5/libc.a(isalpha.o)
ldexp                                             /usr/lib/gcc/avr/10.2.0/../../../../avr/lib/avr5/libm.a(ldexp.o)
                                                  /usr/lib/gcc/avr/10.2.0/../../../../avr/lib/avr5/libm.a(exp.o)
log                                               /usr/lib/gcc/avr/10.2.0/../../../../avr/lib/avr5/libm.a(log.o)
                                                  /usr/lib/gcc/avr/10.2.0/../../../../avr/lib/avr5/libm.a(pow.o)
                                                  main.o
main                                              main.o
                                                  /usr/lib/gcc/avr/10.2.0/../../../../avr/lib/avr5/crtatmega168.o
memcpy_P                                          /usr/lib/gcc/avr/10.2.0/../../../../avr/lib/avr5/libc.a(memcpy_P.o)
                                                  main.o
memset                                            /usr/lib/gcc/avr/10.2.0/../../../../avr/lib/avr5/libc.a(memset.o)
                                                  /usr/lib/gcc/avr/10.2.0/../../../../avr/lib/avr5/libc.a(dtoa_prf.o)
modf                                              /usr/lib/gcc/avr/10.2.0/../../../../avr/lib/avr5/libm.a(modf.o)
                                                  /usr/lib/gcc/avr/10.2.0/../../../../avr/lib/avr5/libm.a(exp.o)
modff                                             /usr/lib/gcc/avr/10.2.0/../../../../avr/lib/avr5/libm.a(modf.o)
pow                                               /usr/lib/gcc/avr/10.2.0/../../../../avr/lib/avr5/libm.a(pow.o)
                                                  main.o
sin                                               /usr/lib/gcc/avr/10.2.0/../../../../avr/lib/avr5/libm.a(sin.o)
                                                  main.o
sqrt                                              /usr/lib/gcc/avr/10.2.0/../../../../avr/lib/avr5/libm.a(sqrt.o)
                                                  /usr/lib/gcc/avr/10.2.0/../../../../avr/lib/avr5/libm.a(fp_arccos.o)
sqrtf                                             /usr/lib/gcc/avr/10.2.0/../../../../avr/lib/avr5/libm.a(sqrt.o)
square                                            /usr/lib/gcc/avr/10.2.0/../../../../avr/lib/avr5/libm.a(square.o)
                                                  /usr/lib/gcc/avr/10.2.0/../../../../avr/lib/avr5/libm.a(atan.o)
strncasecmp_P                                     /usr/lib/gcc/avr/10.2.0/../../../../avr/lib/avr5/libc.a(strncasecmp_P.o)
                                                  /usr/lib/gcc/avr/10.2.0/../../../../avr/lib/avr5/libc.a(strtod.o)
strtod                                            /usr/lib/gcc/avr/10.2.0/../../../../avr/lib/avr5/libc.a(strtod.o)
                                                  /usr/lib/gcc/avr/10.2.0/../../../../avr/lib/avr5/libc.a(atof.o)
tan                                               /usr/lib/gcc/avr/10.2.0/../../../../avr/lib/avr5/libm.a(tan.o)
                                                  main.o
